<html>
<body>
<pre>
<h1>µVision Build Log</h1>
<h2>Tool Versions:</h2>
IDE-Version: ¦ÌVision V5.43.1.0
Copyright (C) 2025 ARM Ltd and ARM Germany GmbH. All rights reserved.
License Information: 1 WXR, 1, LIC=PE7DL-0TAPJ-45TT5-GYSPQ-F18VS-68PYQ
 
Tool Versions:
Toolchain:       MDK-ARM Plus  Version: 5.43.0.0
Toolchain Path:  C:\Users\WXR\AppData\Local\Keil_v5\ARM\ARMCC\Bin
C Compiler:      Armcc.exe V5.06 update 6 (build 750)
Assembler:       Armasm.exe V5.06 update 6 (build 750)
Linker/Locator:  ArmLink.exe V5.06 update 6 (build 750)
Library Manager: ArmAr.exe V5.06 update 6 (build 750)
Hex Converter:   FromElf.exe V5.06 update 6 (build 750)
CPU DLL:         SARMCM3.DLL V5.43.0.0
Dialog DLL:      DCM.DLL V1.17.5.0
Target DLL:      CMSIS_AGDI.dll V1.33.24.0
Dialog DLL:      TCM.DLL V1.56.6.0
 
<h2>Project:</h2>
C:\Users\WXR\Desktop\robomaster\Code\RM_missions\2025TARS-GO\Wheel_Leg\Wheel_Leg_VScode20260314\MDK-ARM\H7_Ctrl.uvprojx
Project File Date:  03/26/2026

<h2>Output:</h2>
*** Using Compiler 'V5.06 update 6 (build 750)', folder: 'C:\Users\WXR\AppData\Local\Keil_v5\ARM\ARMCC\Bin'
Build target 'H7_Ctrl'
Note: source file '..\IMU_coculate\pid.c' - object file renamed from 'H7_Ctrl\pid.o' to 'H7_Ctrl\pid_1.o'.
Note: source file '..\CommonLibs\src\Angle_about.c' - object file renamed from 'H7_Ctrl\Angle_about.o' to 'H7_Ctrl\angle_about_1.o'.
compiling Wheel_Leg_about.c...
..\others\Motion_Control\Ctrl\inc\Wheel_Leg_about.h(7): warning:  #1295-D: Deprecated declaration Roll_Comp - give arg types
  void Roll_Comp();
..\others\Motion_Control\Ctrl\inc\Wheel_Leg_about.h(8): warning:  #1295-D: Deprecated declaration Leg_L0_Control - give arg types
  void Leg_L0_Control();
..\others\Motion_Control\Ctrl\inc\Wheel_Leg_about.h(9): warning:  #1295-D: Deprecated declaration Speed_Error_Set - give arg types
  void Speed_Error_Set();
..\others\Motion_Control\Ctrl\inc\Wheel_Leg_about.h(10): warning:  #1295-D: Deprecated declaration Distance_Error_Set - give arg types
  void Distance_Error_Set();
..\others\Motion_Control\Ctrl\inc\Wheel_Leg_about.h(11): warning:  #1295-D: Deprecated declaration Body_Speed_Coculate - give arg types
  void Body_Speed_Coculate();
..\others\Motion_Control\Ctrl\inc\Wheel_Leg_about.h(12): warning:  #1295-D: Deprecated declaration INS_Coculate - give arg types
  void INS_Coculate();
..\others\Motion_Control\Ctrl\inc\Wheel_Leg_about.h(13): warning:  #1295-D: Deprecated declaration Yaw_Error_Coculate - give arg types
  void Yaw_Error_Coculate();
..\others\Motion_Control\Ctrl\inc\Wheel_Leg_about.h(15): warning:  #1-D: last line of file ends without a newline
  #endif // WHEEL_LEG_ABOUT_H
..\others\Motion_Control\Drv\inc\Motor_Drv.h(72): warning:  #1-D: last line of file ends without a newline
  #endif
..\others\Motion_Control\App\inc\motor.h(79): warning:  #1295-D: Deprecated declaration task_Motor_Init - give arg types
  void task_Motor_Init();
..\others\Motion_Control\App\inc\motor.h(80): warning:  #1295-D: Deprecated declaration task_VMC_Init - give arg types
  void task_VMC_Init();
..\others\Motion_Control\App\inc\motor.h(81): warning:  #1295-D: Deprecated declaration task_PID_Init - give arg types
  void task_PID_Init();
..\others\Motion_Control\App\inc\motor.h(82): warning:  #1295-D: Deprecated declaration task_Pitch_Coculate - give arg types
  void task_Pitch_Coculate();
..\others\Motion_Control\App\inc\motor.h(83): warning:  #1295-D: Deprecated declaration task_Motor_Enable - give arg types
  void task_Motor_Enable();
..\others\Motion_Control\App\inc\motor.h(84): warning:  #1295-D: Deprecated declaration NotStanding_NotStairRetract - give arg types
  void NotStanding_NotStairRetract();
..\others\Motion_Control\App\inc\motor.h(85): warning:  #1295-D: Deprecated declaration Standing - give arg types
  void Standing();
..\others\Motion_Control\App\inc\motor.h(86): warning:  #1295-D: Deprecated declaration Upstair_NotStairRetract - give arg types
  void Upstair_NotStairRetract();
..\others\Motion_Control\App\inc\motor.h(87): warning:  #1295-D: Deprecated declaration StairRetract - give arg types
  void StairRetract();
..\others\Motion_Control\Ctrl\inc\VMC.h(40): warning:  #1295-D: Deprecated declaration VMC_Coculate - give arg types
  void VMC_Coculate();
..\others\Motion_Control\Ctrl\src\Wheel_Leg_about.c(45): warning:  #1035-D: single-precision operand implicitly converted to double-precision
      if(speed_error <= 0.3 && speed_error >= -0.3)
..\others\Motion_Control\Ctrl\src\Wheel_Leg_about.c(63): warning:  #1035-D: single-precision operand implicitly converted to double-precision
      target_Leg_L0 = alpha_target_L0 * (((Foot_Chassis.Target_Leg_State / 1.0f) * 0.22) + LEG_MIN_LENTH) + (1 - alpha_target_L0) * target_Leg_L0;                       
..\others\Motion_Control\Ctrl\src\Wheel_Leg_about.c(64): warning:  #1035-D: single-precision operand implicitly converted to double-precision
      target_Leg_L0 = alpha_target_L0 * (((Foot_Chassis.Target_Leg_State / 1.0f) * 0.22) + LEG_MIN_LENTH) + (1 - alpha_target_L0) * target_Leg_L0;                       
..\others\Motion_Control\Ctrl\src\Wheel_Leg_about.c(74): warning:  #1035-D: single-precision operand implicitly converted to double-precision
      if(target_L_Leg_L0 >= 0.40)                    
..\others\Motion_Control\Ctrl\src\Wheel_Leg_about.c(79): warning:  #1035-D: single-precision operand implicitly converted to double-precision
      if(target_R_Leg_L0 >= 0.40)                    
..\others\Motion_Control\Ctrl\src\Wheel_Leg_about.c(100): warning:  #1035-D: single-precision operand implicitly converted to double-precision
      if(temp < 0.0)
..\others\Motion_Control\Ctrl\src\Wheel_Leg_about.c(201): warning:  #1-D: last line of file ends without a newline
  }
..\others\Motion_Control\Ctrl\src\Wheel_Leg_about.c: 26 warnings, 0 errors
linking...
Program Size: Code=89776 RO-data=3716 RW-data=2424 ZI-data=52856  
FromELF: creating hex file...
"H7_Ctrl\H7_Ctrl.axf" - 0 Error(s), 26 Warning(s).

<h2>Software Packages used:</h2>

Package Vendor: ARM
                https://www.keil.com/pack/ARM.CMSIS.6.2.0.pack
                ARM::CMSIS@6.2.0
                CMSIS (Common Microcontroller Software Interface Standard)
   * Component: CORE Version: 6.1.1

Package Vendor: ARM
                https://www.keil.com/pack/ARM.CMSIS-DSP.1.16.2.pack
                ARM::CMSIS-DSP@1.16.2
                CMSIS Embedded Compute Library
   * Component: DSP Variant: Source Version: 1.16.2

Package Vendor: Keil
                https://www.keil.com/pack/Keil.STM32H7xx_DFP.4.1.3.pack
                Keil::STM32H7xx_DFP@4.1.3
                STMicroelectronics STM32H7 Series Device Support

<h2>Collection of Component include folders:</h2>
  ./RTE/_H7_Ctrl
  C:/Users/WXR/AppData/Local/Arm/Packs/ARM/CMSIS-DSP/1.16.2/Include
  C:/Users/WXR/AppData/Local/Arm/Packs/ARM/CMSIS-DSP/1.16.2/PrivateInclude
  C:/Users/WXR/AppData/Local/Arm/Packs/ARM/CMSIS/6.2.0/CMSIS/Core/Include

<h2>Collection of Component Files used:</h2>

   * Component: ARM::CMSIS:CORE@6.1.1
      Include file:  CMSIS/Core/Include/tz_context.h

   * Component: ARM::CMSIS:DSP&Source@1.16.2
      Include file:  Include/arm_math_f16.h
      Include file:  Include/arm_common_tables_f16.h
      Include file:  Include/arm_const_structs.h
      Include file:  Include/arm_math.h
      Include file:  Include/arm_const_structs_f16.h
      Include file:  Include/arm_common_tables.h
      Source file:   Source/InterpolationFunctions/InterpolationFunctionsF16.c
      Source file:   Source/StatisticsFunctions/StatisticsFunctionsF16.c
      Source file:   Source/SupportFunctions/SupportFunctionsF16.c
      Source file:   Source/FastMathFunctions/FastMathFunctionsF16.c
      Source file:   Source/DistanceFunctions/DistanceFunctionsF16.c
      Source file:   Source/BayesFunctions/BayesFunctionsF16.c
      Source file:   Source/SVMFunctions/SVMFunctionsF16.c
      Source file:   Source/BasicMathFunctions/BasicMathFunctions.c
      Source file:   Source/QuaternionMathFunctions/QuaternionMathFunctions.c
      Source file:   Source/ComplexMathFunctions/ComplexMathFunctionsF16.c
      Source file:   Source/StatisticsFunctions/StatisticsFunctions.c
      Source file:   Source/FastMathFunctions/FastMathFunctions.c
      Source file:   Source/SupportFunctions/SupportFunctions.c
      Source file:   Source/MatrixFunctions/MatrixFunctionsF16.c
      Source file:   Source/ComplexMathFunctions/ComplexMathFunctions.c
      Source file:   Source/ControllerFunctions/ControllerFunctions.c
      Source file:   Source/WindowFunctions/WindowFunctions.c
      Source file:   Source/FilteringFunctions/FilteringFunctionsF16.c
      Source file:   Source/FilteringFunctions/FilteringFunctions.c
      Source file:   Source/SVMFunctions/SVMFunctions.c
      Source file:   Source/DistanceFunctions/DistanceFunctions.c
      Source file:   Source/MatrixFunctions/MatrixFunctions.c
      Source file:   Source/CommonTables/CommonTablesF16.c
      Source file:   Source/BayesFunctions/BayesFunctions.c
      Source file:   Source/TransformFunctions/TransformFunctions.c
      Source file:   Source/InterpolationFunctions/InterpolationFunctions.c
      Source file:   Source/CommonTables/CommonTables.c
      Source file:   Source/BasicMathFunctions/BasicMathFunctionsF16.c
      Source file:   Source/TransformFunctions/TransformFunctionsF16.c
Build Time Elapsed:  00:00:11
</pre>
</body>
</html>
