<html>
<body>
<pre>
<h1>�Vision Build Log</h1>
<h2>Tool Versions:</h2>
IDE-Version: ��Vision V5.43.1.0
Copyright (C) 2025 ARM Ltd and ARM Germany GmbH. All rights reserved.
License Information: 1 CHAMP, 1, LIC=JL28G-VJBX4-PCEJ8-3HCX2-9LM2K-S4CBJ
 
Tool Versions:
Toolchain:       MDK-ARM Plus  Version: 5.43.0.0
Toolchain Path:  C:\Users\CHAMP\AppData\Local\Keil_v5\ARM\ARMCLANG\Bin
C Compiler:      ArmClang.exe V6.24
Assembler:       Armasm.exe V6.24
Linker/Locator:  ArmLink.exe V6.24
Library Manager: ArmAr.exe V6.24
Hex Converter:   FromElf.exe V6.24
CPU DLL:         SARMCM3.DLL V5.43.0.0
Dialog DLL:      DCM.DLL V1.17.5.0
Target DLL:      CMSIS_AGDI.dll V1.33.24.0
Dialog DLL:      TCM.DLL V1.56.6.0
 
<h2>Project:</h2>
C:\Users\CHAMP\Desktop\Wheel_Leg\Wheel_Leg_VScode20260314\MDK-ARM\H7_Ctrl.uvprojx
Project File Date:  05/06/2026

<h2>Output:</h2>
*** Using Compiler 'V6.24', folder: 'C:\Users\CHAMP\AppData\Local\Keil_v5\ARM\ARMCLANG\Bin'
Rebuild target 'H7_Ctrl'
compiling stm32h7xx_hal_dma_ex.c...
compiling dma.c...
compiling stm32h7xx_hal_pwr_ex.c...
compiling freertos.c...
compiling usart.c...
../Core/Src/main.c(34): warning: In file included from...
../UI/include\Judge.h(127): warning: 'packed' attribute ignored [-Wignored-attributes]
  127 | typedef __packed struct //锟斤拷锟斤拷系统帧头
      |         ^
../Drivers/STM32H7xx_HAL_Driver/Inc\stm32h7xx_hal_def.h(117): note: expanded from macro '__packed'
  117 |     #define __packed  __attribute__((packed))
      |                                      ^
../Core/Src/main.c(34): warning: In file included from...
../UI/include\Judge.h(135): warning: 'packed' attribute ignored [-Wignored-attributes]
  135 | typedef __packed struct{
      |         ^
../Drivers/STM32H7xx_HAL_Driver/Inc\stm32h7xx_hal_def.h(117): note: expanded from macro '__packed'
  117 |     #define __packed  __attribute__((packed))
      |                                      ^
../Core/Src/main.c(34): warning: In file included from...
../UI/include\Judge.h(145): warning: 'packed' attribute ignored [-Wignored-attributes]
  145 | typedef __packed struct
      |         ^
../Drivers/STM32H7xx_HAL_Driver/Inc\stm32h7xx_hal_def.h(117): note: expanded from macro '__packed'
  117 |     #define __packed  __attribute__((packed))
      |                                      ^
../Core/Src/main.c(34): warning: In file included from...
../UI/include\Judge.h(154): warning: 'packed' attribute ignored [-Wignored-attributes]
  154 | typedef __packed struct 
      |         ^
../Drivers/STM32H7xx_HAL_Driver/Inc\stm32h7xx_hal_def.h(117): note: expanded from macro '__packed'
  117 |     #define __packed  __attribute__((packed))
      |                                      ^
../Core/Src/main.c(34): warning: In file included from...
../UI/include\Judge.h(160): warning: 'packed' attribute ignored [-Wignored-attributes]
  160 | typedef __packed struct
      |         ^
../Drivers/STM32H7xx_HAL_Driver/Inc\stm32h7xx_hal_def.h(117): note: expanded from macro '__packed'
  117 |     #define __packed  __attribute__((packed))
      |                                      ^
../Core/Src/main.c(34): warning: In file included from...
../UI/include\Judge.h(173): warning: 'packed' attribute ignored [-Wignored-attributes]
  173 | typedef __packed struct                                         //2026.3.14锟睫革拷
      |         ^
../Drivers/STM32H7xx_HAL_Driver/Inc\stm32h7xx_hal_def.h(117): note: expanded from macro '__packed'
  117 |     #define __packed  __attribute__((packed))
      |                                      ^
../Core/Src/main.c(34): warning: In file included from...
../UI/include\Judge.h(218): warning: 'packed' attribute ignored [-Wignored-attributes]
  218 | typedef __packed struct
      |         ^
../Drivers/STM32H7xx_HAL_Driver/Inc\stm32h7xx_hal_def.h(117): note: expanded from macro '__packed'
  117 |     #define __packed  __attribute__((packed))
      |                                      ^
../Core/Src/main.c(34): warning: In file included from...
../UI/include\Judge.h(226): warning: 'packed' attribute ignored [-Wignored-attributes]
  226 | typedef __packed struct 
      |         ^
../Drivers/STM32H7xx_HAL_Driver/Inc\stm32h7xx_hal_def.h(117): note: expanded from macro '__packed'
  117 |     #define __packed  __attribute__((packed))
      |                                      ^
../Core/Src/main.c(34): warning: In file included from...
../UI/include\Judge.h(233): warning: 'packed' attribute ignored [-Wignored-attributes]
  233 | typedef __packed struct
      |         ^
../Drivers/STM32H7xx_HAL_Driver/Inc\stm32h7xx_hal_def.h(117): note: expanded from macro '__packed'
  117 |     #define __packed  __attribute__((packed))
      |                                      ^
../Core/Src/main.c(34): warning: In file included from...
../UI/include\Judge.h(249): warning: 'packed' attribute ignored [-Wignored-attributes]
  249 | typedef __packed struct
      |         ^
../Drivers/STM32H7xx_HAL_Driver/Inc\stm32h7xx_hal_def.h(117): note: expanded from macro '__packed'
  117 |     #define __packed  __attribute__((packed))
      |                                      ^
../Core/Src/main.c(34): warning: In file included from...
../UI/include\Judge.h(261): warning: 'packed' attribute ignored [-Wignored-attributes]
  261 | typedef __packed struct 
      |         ^
../Drivers/STM32H7xx_HAL_Driver/Inc\stm32h7xx_hal_def.h(117): note: expanded from macro '__packed'
  117 |     #define __packed  __attribute__((packed))
      |                                      ^
../Core/Src/main.c(34): warning: In file included from...
../UI/include\Judge.h(270): warning: 'packed' attribute ignored [-Wignored-attributes]
  270 | typedef __packed struct 
      |         ^
../Drivers/STM32H7xx_HAL_Driver/Inc\stm32h7xx_hal_def.h(117): note: expanded from macro '__packed'
  117 |     #define __packed  __attribute__((packed))
      |                                      ^
../Core/Src/main.c(34): warning: In file included from...
../UI/include\Judge.h(282): warning: 'packed' attribute ignored [-Wignored-attributes]
  282 | typedef __packed struct 
      |         ^
../Drivers/STM32H7xx_HAL_Driver/Inc\stm32h7xx_hal_def.h(117): note: expanded from macro '__packed'
  117 |     #define __packed  __attribute__((packed))
      |                                      ^
../Core/Src/main.c(34): warning: In file included from...
../UI/include\Judge.h(290): warning: 'packed' attribute ignored [-Wignored-attributes]
  290 | typedef __packed struct
      |         ^
../Drivers/STM32H7xx_HAL_Driver/Inc\stm32h7xx_hal_def.h(117): note: expanded from macro '__packed'
  117 |     #define __packed  __attribute__((packed))
      |                                      ^
../Core/Src/main.c(34): warning: In file included from...
../UI/include\Judge.h(299): warning: 'packed' attribute ignored [-Wignored-attributes]
  299 | typedef __packed struct
      |         ^
../Drivers/STM32H7xx_HAL_Driver/Inc\stm32h7xx_hal_def.h(117): note: expanded from macro '__packed'
  117 |     #define __packed  __attribute__((packed))
      |                                      ^
../Core/Src/main.c(34): warning: In file included from...
../UI/include\Judge.h(308): warning: 'packed' attribute ignored [-Wignored-attributes]
  308 | typedef __packed struct
      |         ^
../Drivers/STM32H7xx_HAL_Driver/Inc\stm32h7xx_hal_def.h(117): note: expanded from macro '__packed'
  117 |     #define __packed  __attribute__((packed))
      |                                      ^
../Core/Src/main.c(34): warning: In file included from...
../UI/include\Judge.h(315): warning: 'packed' attribute ignored [-Wignored-attributes]
  315 | typedef __packed struct
      |         ^
../Drivers/STM32H7xx_HAL_Driver/Inc\stm32h7xx_hal_def.h(117): note: expanded from macro '__packed'
  117 |     #define __packed  __attribute__((packed))
      |                                      ^
../Core/Src/main.c(34): warning: In file included from...
../UI/include\Judge.h(324): warning: 'packed' attribute ignored [-Wignored-attributes]
  324 | typedef __packed struct
      |         ^
../Drivers/STM32H7xx_HAL_Driver/Inc\stm32h7xx_hal_def.h(117): note: expanded from macro '__packed'
  117 |     #define __packed  __attribute__((packed))
      |                                      ^
../Core/Src/main.c(34): warning: In file included from...
../UI/include\Judge.h(361): warning: 'packed' attribute ignored [-Wignored-attributes]
  361 | typedef __packed struct         //2026.3.14锟睫革拷
      |         ^
../Drivers/STM32H7xx_HAL_Driver/Inc\stm32h7xx_hal_def.h(117): note: expanded from macro '__packed'
  117 |     #define __packed  __attribute__((packed))
      |                                      ^
../Core/Src/main.c(34): warning: In file included from...
../UI/include\Judge.h(384): warning: 'packed' attribute ignored [-Wignored-attributes]
  384 | typedef __packed struct 
      |         ^
../Drivers/STM32H7xx_HAL_Driver/Inc\stm32h7xx_hal_def.h(117): note: expanded from macro '__packed'
  117 |     #define __packed  __attribute__((packed))
      |                                      ^
../Core/Src/main.c(34): warning: In file included from...
../UI/include\Judge.h(392): warning: 'packed' attribute ignored [-Wignored-attributes]
  392 | typedef __packed struct
      |         ^
../Drivers/STM32H7xx_HAL_Driver/Inc\stm32h7xx_hal_def.h(117): note: expanded from macro '__packed'
  117 |     #define __packed  __attribute__((packed))
      |                                      ^
../Core/Src/main.c(34): warning: In file included from...
../UI/include\Judge.h(410): warning: 'packed' attribute ignored [-Wignored-attributes]
  410 | typedef __packed struct{
      |         ^
../Drivers/STM32H7xx_HAL_Driver/Inc\stm32h7xx_hal_def.h(117): note: expanded from macro '__packed'
  117 |     #define __packed  __attribute__((packed))
      |                                      ^
22 warnings generated.
compiling main.c...
compiling spi.c...
compiling stm32h7xx_hal_cortex.c...
compiling stm32h7xx_hal.c...
compiling tim.c...
compiling stm32h7xx_hal_msp.c...
compiling gpio.c...
compiling stm32h7xx_hal_hsem.c...
compiling stm32h7xx_hal_timebase_tim.c...
compiling adc.c...
compiling stm32h7xx_hal_gpio.c...
compiling stm32h7xx_hal_i2c_ex.c...
compiling stm32h7xx_hal_pwr.c...
compiling fdcan.c...
compiling stm32h7xx_hal_rcc.c...
compiling stm32h7xx_hal_flash.c...
compiling stm32h7xx_hal_mdma.c...
compiling stm32h7xx_hal_flash_ex.c...
../Core/Src/stm32h7xx_it.c(26): warning: In file included from...
../UI/include\judge.h(127): warning: 'packed' attribute ignored [-Wignored-attributes]
  127 | typedef __packed struct //锟斤拷锟斤拷系统帧头
      |         ^
../Drivers/STM32H7xx_HAL_Driver/Inc\stm32h7xx_hal_def.h(117): note: expanded from macro '__packed'
  117 |     #define __packed  __attribute__((packed))
      |                                      ^
../Core/Src/stm32h7xx_it.c(26): warning: In file included from...
../UI/include\judge.h(135): warning: 'packed' attribute ignored [-Wignored-attributes]
  135 | typedef __packed struct{
      |         ^
../Drivers/STM32H7xx_HAL_Driver/Inc\stm32h7xx_hal_def.h(117): note: expanded from macro '__packed'
  117 |     #define __packed  __attribute__((packed))
      |                                      ^
../Core/Src/stm32h7xx_it.c(26): warning: In file included from...
../UI/include\judge.h(145): warning: 'packed' attribute ignored [-Wignored-attributes]
  145 | typedef __packed struct
      |         ^
../Drivers/STM32H7xx_HAL_Driver/Inc\stm32h7xx_hal_def.h(117): note: expanded from macro '__packed'
  117 |     #define __packed  __attribute__((packed))
      |                                      ^
../Core/Src/stm32h7xx_it.c(26): warning: In file included from...
../UI/include\judge.h(154): warning: 'packed' attribute ignored [-Wignored-attributes]
  154 | typedef __packed struct 
      |         ^
../Drivers/STM32H7xx_HAL_Driver/Inc\stm32h7xx_hal_def.h(117): note: expanded from macro '__packed'
  117 |     #define __packed  __attribute__((packed))
      |                                      ^
../Core/Src/stm32h7xx_it.c(26): warning: In file included from...
../UI/include\judge.h(160): warning: 'packed' attribute ignored [-Wignored-attributes]
  160 | typedef __packed struct
      |         ^
../Drivers/STM32H7xx_HAL_Driver/Inc\stm32h7xx_hal_def.h(117): note: expanded from macro '__packed'
  117 |     #define __packed  __attribute__((packed))
      |                                      ^
../Core/Src/stm32h7xx_it.c(26): warning: In file included from...
../UI/include\judge.h(173): warning: 'packed' attribute ignored [-Wignored-attributes]
  173 | typedef __packed struct                                         //2026.3.14锟睫革拷
      |         ^
../Drivers/STM32H7xx_HAL_Driver/Inc\stm32h7xx_hal_def.h(117): note: expanded from macro '__packed'
  117 |     #define __packed  __attribute__((packed))
      |                                      ^
../Core/Src/stm32h7xx_it.c(26): warning: In file included from...
../UI/include\judge.h(218): warning: 'packed' attribute ignored [-Wignored-attributes]
  218 | typedef __packed struct
      |         ^
../Drivers/STM32H7xx_HAL_Driver/Inc\stm32h7xx_hal_def.h(117): note: expanded from macro '__packed'
  117 |     #define __packed  __attribute__((packed))
      |                                      ^
../Core/Src/stm32h7xx_it.c(26): warning: In file included from...
../UI/include\judge.h(226): warning: 'packed' attribute ignored [-Wignored-attributes]
  226 | typedef __packed struct 
      |         ^
../Drivers/STM32H7xx_HAL_Driver/Inc\stm32h7xx_hal_def.h(117): note: expanded from macro '__packed'
  117 |     #define __packed  __attribute__((packed))
      |                                      ^
../Core/Src/stm32h7xx_it.c(26): warning: In file included from...
../UI/include\judge.h(233): warning: 'packed' attribute ignored [-Wignored-attributes]
  233 | typedef __packed struct
      |         ^
../Drivers/STM32H7xx_HAL_Driver/Inc\stm32h7xx_hal_def.h(117): note: expanded from macro '__packed'
  117 |     #define __packed  __attribute__((packed))
      |                                      ^
../Core/Src/stm32h7xx_it.c(26): warning: In file included from...
../UI/include\judge.h(249): warning: 'packed' attribute ignored [-Wignored-attributes]
  249 | typedef __packed struct
      |         ^
../Drivers/STM32H7xx_HAL_Driver/Inc\stm32h7xx_hal_def.h(117): note: expanded from macro '__packed'
  117 |     #define __packed  __attribute__((packed))
      |                                      ^
../Core/Src/stm32h7xx_it.c(26): warning: In file included from...
../UI/include\judge.h(261): warning: 'packed' attribute ignored [-Wignored-attributes]
  261 | typedef __packed struct 
      |         ^
../Drivers/STM32H7xx_HAL_Driver/Inc\stm32h7xx_hal_def.h(117): note: expanded from macro '__packed'
  117 |     #define __packed  __attribute__((packed))
      |                                      ^
../Core/Src/stm32h7xx_it.c(26): warning: In file included from...
../UI/include\judge.h(270): warning: 'packed' attribute ignored [-Wignored-attributes]
  270 | typedef __packed struct 
      |         ^
../Drivers/STM32H7xx_HAL_Driver/Inc\stm32h7xx_hal_def.h(117): note: expanded from macro '__packed'
  117 |     #define __packed  __attribute__((packed))
      |                                      ^
../Core/Src/stm32h7xx_it.c(26): warning: In file included from...
../UI/include\judge.h(282): warning: 'packed' attribute ignored [-Wignored-attributes]
  282 | typedef __packed struct 
      |         ^
../Drivers/STM32H7xx_HAL_Driver/Inc\stm32h7xx_hal_def.h(117): note: expanded from macro '__packed'
  117 |     #define __packed  __attribute__((packed))
      |                                      ^
../Core/Src/stm32h7xx_it.c(26): warning: In file included from...
../UI/include\judge.h(290): warning: 'packed' attribute ignored [-Wignored-attributes]
  290 | typedef __packed struct
      |         ^
../Drivers/STM32H7xx_HAL_Driver/Inc\stm32h7xx_hal_def.h(117): note: expanded from macro '__packed'
  117 |     #define __packed  __attribute__((packed))
      |                                      ^
../Core/Src/stm32h7xx_it.c(26): warning: In file included from...
../UI/include\judge.h(299): warning: 'packed' attribute ignored [-Wignored-attributes]
  299 | typedef __packed struct
      |         ^
../Drivers/STM32H7xx_HAL_Driver/Inc\stm32h7xx_hal_def.h(117): note: expanded from macro '__packed'
  117 |     #define __packed  __attribute__((packed))
      |                                      ^
../Core/Src/stm32h7xx_it.c(26): warning: In file included from...
../UI/include\judge.h(308): warning: 'packed' attribute ignored [-Wignored-attributes]
  308 | typedef __packed struct
      |         ^
../Drivers/STM32H7xx_HAL_Driver/Inc\stm32h7xx_hal_def.h(117): note: expanded from macro '__packed'
  117 |     #define __packed  __attribute__((packed))
      |                                      ^
../Core/Src/stm32h7xx_it.c(26): warning: In file included from...
../UI/include\judge.h(315): warning: 'packed' attribute ignored [-Wignored-attributes]
  315 | typedef __packed struct
      |         ^
../Drivers/STM32H7xx_HAL_Driver/Inc\stm32h7xx_hal_def.h(117): note: expanded from macro '__packed'
  117 |     #define __packed  __attribute__((packed))
      |                                      ^
../Core/Src/stm32h7xx_it.c(26): warning: In file included from...
../UI/include\judge.h(324): warning: 'packed' attribute ignored [-Wignored-attributes]
  324 | typedef __packed struct
      |         ^
../Drivers/STM32H7xx_HAL_Driver/Inc\stm32h7xx_hal_def.h(117): note: expanded from macro '__packed'
  117 |     #define __packed  __attribute__((packed))
      |                                      ^
../Core/Src/stm32h7xx_it.c(26): warning: In file included from...
../UI/include\judge.h(361): warning: 'packed' attribute ignored [-Wignored-attributes]
  361 | typedef __packed struct         //2026.3.14锟睫革拷
      |         ^
../Drivers/STM32H7xx_HAL_Driver/Inc\stm32h7xx_hal_def.h(117): note: expanded from macro '__packed'
  117 |     #define __packed  __attribute__((packed))
      |                                      ^
../Core/Src/stm32h7xx_it.c(26): warning: In file included from...
../UI/include\judge.h(384): warning: 'packed' attribute ignored [-Wignored-attributes]
  384 | typedef __packed struct 
      |         ^
../Drivers/STM32H7xx_HAL_Driver/Inc\stm32h7xx_hal_def.h(117): note: expanded from macro '__packed'
  117 |     #define __packed  __attribute__((packed))
      |                                      ^
../Core/Src/stm32h7xx_it.c(26): warning: In file included from...
../UI/include\judge.h(392): warning: 'packed' attribute ignored [-Wignored-attributes]
  392 | typedef __packed struct
      |         ^
../Drivers/STM32H7xx_HAL_Driver/Inc\stm32h7xx_hal_def.h(117): note: expanded from macro '__packed'
  117 |     #define __packed  __attribute__((packed))
      |                                      ^
../Core/Src/stm32h7xx_it.c(26): warning: In file included from...
../UI/include\judge.h(410): warning: 'packed' attribute ignored [-Wignored-attributes]
  410 | typedef __packed struct{
      |         ^
../Drivers/STM32H7xx_HAL_Driver/Inc\stm32h7xx_hal_def.h(117): note: expanded from macro '__packed'
  117 |     #define __packed  __attribute__((packed))
      |                                      ^
22 warnings generated.
compiling stm32h7xx_it.c...
compiling stm32h7xx_hal_i2c.c...
compiling stm32h7xx_hal_adc_ex.c...
compiling stm32h7xx_hal_rcc_ex.c...
compiling stm32h7xx_hal_tim_ex.c...
compiling stm32h7xx_hal_adc.c...
compiling stm32h7xx_hal_exti.c...
compiling stm32h7xx_hal_dma.c...
compiling stm32h7xx_hal_spi_ex.c...
compiling stm32h7xx_hal_tim.c...
compiling stm32h7xx_hal_fdcan.c...
compiling stm32h7xx_hal_spi.c...
compiling croutine.c...
compiling event_groups.c...
compiling system_stm32h7xx.c...
assembling startup_stm32h723xx.s...
compiling stm32h7xx_hal_uart_ex.c...
compiling list.c...
compiling stream_buffer.c...
compiling queue.c...
compiling stm32h7xx_hal_uart.c...
compiling timers.c...
compiling tasks.c...
compiling heap_4.c...
compiling port.c...
compiling cmsis_os.c...
../IMU_coculate/BMI088driver.c(1): warning: In file included from...
../IMU_coculate\BMI088driver.h(49): warning: 'packed' attribute ignored [-Wignored-attributes]
   49 | typedef __packed struct BMI088_RAW_DATA
      |         ^
../Drivers/STM32H7xx_HAL_Driver/Inc\stm32h7xx_hal_def.h(117): note: expanded from macro '__packed'
  117 |     #define __packed  __attribute__((packed))
      |                                      ^
1 warning generated.
compiling BMI088driver.c...
compiling BMI088Middleware.c...
compiling bsp_dwt.c...
../IMU_coculate/IMU_tasks.c(9): warning: In file included from...
../IMU_coculate\BMI088driver.h(49): warning: 'packed' attribute ignored [-Wignored-attributes]
   49 | typedef __packed struct BMI088_RAW_DATA
      |         ^
../Drivers/STM32H7xx_HAL_Driver/Inc\stm32h7xx_hal_def.h(117): note: expanded from macro '__packed'
  117 |     #define __packed  __attribute__((packed))
      |                                      ^
1 warning generated.
compiling IMU_tasks.c...
../IMU_coculate/controller.c(14): warning: In file included from...
../IMU_coculate\controller.h(22): warning: In file included from...
../IMU_coculate\user_lib.h(99): warning: 'packed' attribute ignored [-Wignored-attributes]
   99 | typedef __packed struct
      |         ^
../Drivers/STM32H7xx_HAL_Driver/Inc\stm32h7xx_hal_def.h(117): note: expanded from macro '__packed'
  117 |     #define __packed  __attribute__((packed))
      |                                      ^
../IMU_coculate/controller.c(14): warning: In file included from...
../IMU_coculate\controller.h(46): warning: 'packed' attribute ignored [-Wignored-attributes]
   46 | typedef __packed struct
      |         ^
../Drivers/STM32H7xx_HAL_Driver/Inc\stm32h7xx_hal_def.h(117): note: expanded from macro '__packed'
  117 |     #define __packed  __attribute__((packed))
      |                                      ^
../IMU_coculate/controller.c(14): warning: In file included from...
../IMU_coculate\controller.h(96): warning: 'packed' attribute ignored [-Wignored-attributes]
   96 | typedef __packed struct
      |         ^
../Drivers/STM32H7xx_HAL_Driver/Inc\stm32h7xx_hal_def.h(117): note: expanded from macro '__packed'
  117 |     #define __packed  __attribute__((packed))
      |                                      ^
../IMU_coculate/controller.c(14): warning: In file included from...
../IMU_coculate\controller.h(102): warning: 'packed' attribute ignored [-Wignored-attributes]
  102 | typedef __packed struct pid_t
      |         ^
../Drivers/STM32H7xx_HAL_Driver/Inc\stm32h7xx_hal_def.h(117): note: expanded from macro '__packed'
  117 |     #define __packed  __attribute__((packed))
      |                                      ^
../IMU_coculate/controller.c(14): warning: In file included from...
../IMU_coculate\controller.h(171): warning: 'packed' attribute ignored [-Wignored-attributes]
  171 | typedef __packed struct
      |         ^
../Drivers/STM32H7xx_HAL_Driver/Inc\stm32h7xx_hal_def.h(117): note: expanded from macro '__packed'
  117 |     #define __packed  __attribute__((packed))
      |                                      ^
../IMU_coculate/controller.c(14): warning: In file included from...
../IMU_coculate\controller.h(210): warning: 'packed' attribute ignored [-Wignored-attributes]
  210 | typedef __packed struct
      |         ^
../Drivers/STM32H7xx_HAL_Driver/Inc\stm32h7xx_hal_def.h(117): note: expanded from macro '__packed'
  117 |     #define __packed  __attribute__((packed))
      |                                      ^
../IMU_coculate/controller.c(14): warning: In file included from...
../IMU_coculate\controller.h(253): warning: 'packed' attribute ignored [-Wignored-attributes]
  253 | typedef __packed struct
      |         ^
../Drivers/STM32H7xx_HAL_Driver/Inc\stm32h7xx_hal_def.h(117): note: expanded from macro '__packed'
  117 |     #define __packed  __attribute__((packed))
      |                                      ^
7 warnings generated.
compiling controller.c...
compiling MahonyAHRS.c...
compiling kalman_filter.c...
compiling pid.c...
../IMU_coculate/imu_temp_ctrl.c(3): warning: In file included from...
../IMU_coculate\BMI088driver.h(49): warning: 'packed' attribute ignored [-Wignored-attributes]
   49 | typedef __packed struct BMI088_RAW_DATA
      |         ^
../Drivers/STM32H7xx_HAL_Driver/Inc\stm32h7xx_hal_def.h(117): note: expanded from macro '__packed'
  117 |     #define __packed  __attribute__((packed))
      |                                      ^
1 warning generated.
compiling imu_temp_ctrl.c...
compiling QuaternionEKF.c...
compiling Crc.c...
../IMU_coculate/user_lib.c(3): warning: In file included from...
../IMU_coculate\user_lib.h(99): warning: 'packed' attribute ignored [-Wignored-attributes]
   99 | typedef __packed struct
      |         ^
../Drivers/STM32H7xx_HAL_Driver/Inc\stm32h7xx_hal_def.h(117): note: expanded from macro '__packed'
  117 |     #define __packed  __attribute__((packed))
      |                                      ^
1 warning generated.
compiling user_lib.c...
compiling Graphics.c...
../UI/source/Detect.c(4): warning: In file included from...
../UI/include\judge.h(127): warning: 'packed' attribute ignored [-Wignored-attributes]
  127 | typedef __packed struct //锟斤拷锟斤拷系统帧头
      |         ^
../Drivers/STM32H7xx_HAL_Driver/Inc\stm32h7xx_hal_def.h(117): note: expanded from macro '__packed'
  117 |     #define __packed  __attribute__((packed))
      |                                      ^
../UI/source/Detect.c(4): warning: In file included from...
../UI/include\judge.h(135): warning: 'packed' attribute ignored [-Wignored-attributes]
  135 | typedef __packed struct{
      |         ^
../Drivers/STM32H7xx_HAL_Driver/Inc\stm32h7xx_hal_def.h(117): note: expanded from macro '__packed'
  117 |     #define __packed  __attribute__((packed))
      |                                      ^
../UI/source/Detect.c(4): warning: In file included from...
../UI/include\judge.h(145): warning: 'packed' attribute ignored [-Wignored-attributes]
  145 | typedef __packed struct
      |         ^
../Drivers/STM32H7xx_HAL_Driver/Inc\stm32h7xx_hal_def.h(117): note: expanded from macro '__packed'
  117 |     #define __packed  __attribute__((packed))
      |                                      ^
../UI/source/Detect.c(4): warning: In file included from...
../UI/include\judge.h(154): warning: 'packed' attribute ignored [-Wignored-attributes]
  154 | typedef __packed struct 
      |         ^
../Drivers/STM32H7xx_HAL_Driver/Inc\stm32h7xx_hal_def.h(117): note: expanded from macro '__packed'
  117 |     #define __packed  __attribute__((packed))
      |                                      ^
../UI/source/Detect.c(4): warning: In file included from...
../UI/include\judge.h(160): warning: 'packed' attribute ignored [-Wignored-attributes]
  160 | typedef __packed struct
      |         ^
../Drivers/STM32H7xx_HAL_Driver/Inc\stm32h7xx_hal_def.h(117): note: expanded from macro '__packed'
  117 |     #define __packed  __attribute__((packed))
      |                                      ^
../UI/source/Detect.c(4): warning: In file included from...
../UI/include\judge.h(173): warning: 'packed' attribute ignored [-Wignored-attributes]
  173 | typedef __packed struct                                         //2026.3.14锟睫革拷
      |         ^
../Drivers/STM32H7xx_HAL_Driver/Inc\stm32h7xx_hal_def.h(117): note: expanded from macro '__packed'
  117 |     #define __packed  __attribute__((packed))
      |                                      ^
../UI/source/Detect.c(4): warning: In file included from...
../UI/include\judge.h(218): warning: 'packed' attribute ignored [-Wignored-attributes]
  218 | typedef __packed struct
      |         ^
../Drivers/STM32H7xx_HAL_Driver/Inc\stm32h7xx_hal_def.h(117): note: expanded from macro '__packed'
  117 |     #define __packed  __attribute__((packed))
      |                                      ^
../UI/source/Detect.c(4): warning: In file included from...
../UI/include\judge.h(226): warning: 'packed' attribute ignored [-Wignored-attributes]
  226 | typedef __packed struct 
      |         ^
../Drivers/STM32H7xx_HAL_Driver/Inc\stm32h7xx_hal_def.h(117): note: expanded from macro '__packed'
  117 |     #define __packed  __attribute__((packed))
      |                                      ^
../UI/source/Detect.c(4): warning: In file included from...
../UI/include\judge.h(233): warning: 'packed' attribute ignored [-Wignored-attributes]
  233 | typedef __packed struct
      |         ^
../Drivers/STM32H7xx_HAL_Driver/Inc\stm32h7xx_hal_def.h(117): note: expanded from macro '__packed'
  117 |     #define __packed  __attribute__((packed))
      |                                      ^
../UI/source/Detect.c(4): warning: In file included from...
../UI/include\judge.h(249): warning: 'packed' attribute ignored [-Wignored-attributes]
  249 | typedef __packed struct
      |         ^
../Drivers/STM32H7xx_HAL_Driver/Inc\stm32h7xx_hal_def.h(117): note: expanded from macro '__packed'
  117 |     #define __packed  __attribute__((packed))
      |                                      ^
../UI/source/Detect.c(4): warning: In file included from...
../UI/include\judge.h(261): warning: 'packed' attribute ignored [-Wignored-attributes]
  261 | typedef __packed struct 
      |         ^
../Drivers/STM32H7xx_HAL_Driver/Inc\stm32h7xx_hal_def.h(117): note: expanded from macro '__packed'
  117 |     #define __packed  __attribute__((packed))
      |                                      ^
../UI/source/Detect.c(4): warning: In file included from...
../UI/include\judge.h(270): warning: 'packed' attribute ignored [-Wignored-attributes]
  270 | typedef __packed struct 
      |         ^
../Drivers/STM32H7xx_HAL_Driver/Inc\stm32h7xx_hal_def.h(117): note: expanded from macro '__packed'
  117 |     #define __packed  __attribute__((packed))
      |                                      ^
../UI/source/Detect.c(4): warning: In file included from...
../UI/include\judge.h(282): warning: 'packed' attribute ignored [-Wignored-attributes]
  282 | typedef __packed struct 
      |         ^
../Drivers/STM32H7xx_HAL_Driver/Inc\stm32h7xx_hal_def.h(117): note: expanded from macro '__packed'
  117 |     #define __packed  __attribute__((packed))
      |                                      ^
../UI/source/Detect.c(4): warning: In file included from...
../UI/include\judge.h(290): warning: 'packed' attribute ignored [-Wignored-attributes]
  290 | typedef __packed struct
      |         ^
../Drivers/STM32H7xx_HAL_Driver/Inc\stm32h7xx_hal_def.h(117): note: expanded from macro '__packed'
  117 |     #define __packed  __attribute__((packed))
      |                                      ^
../UI/source/Detect.c(4): warning: In file included from...
../UI/include\judge.h(299): warning: 'packed' attribute ignored [-Wignored-attributes]
  299 | typedef __packed struct
      |         ^
../Drivers/STM32H7xx_HAL_Driver/Inc\stm32h7xx_hal_def.h(117): note: expanded from macro '__packed'
  117 |     #define __packed  __attribute__((packed))
      |                                      ^
../UI/source/Detect.c(4): warning: In file included from...
../UI/include\judge.h(308): warning: 'packed' attribute ignored [-Wignored-attributes]
  308 | typedef __packed struct
      |         ^
../Drivers/STM32H7xx_HAL_Driver/Inc\stm32h7xx_hal_def.h(117): note: expanded from macro '__packed'
  117 |     #define __packed  __attribute__((packed))
      |                                      ^
../UI/source/Detect.c(4): warning: In file included from...
../UI/include\judge.h(315): warning: 'packed' attribute ignored [-Wignored-attributes]
  315 | typedef __packed struct
      |         ^
../Drivers/STM32H7xx_HAL_Driver/Inc\stm32h7xx_hal_def.h(117): note: expanded from macro '__packed'
  117 |     #define __packed  __attribute__((packed))
      |                                      ^
../UI/source/Detect.c(4): warning: In file included from...
../UI/include\judge.h(324): warning: 'packed' attribute ignored [-Wignored-attributes]
  324 | typedef __packed struct
      |         ^
../Drivers/STM32H7xx_HAL_Driver/Inc\stm32h7xx_hal_def.h(117): note: expanded from macro '__packed'
  117 |     #define __packed  __attribute__((packed))
      |                                      ^
../UI/source/Detect.c(4): warning: In file included from...
../UI/include\judge.h(361): warning: 'packed' attribute ignored [-Wignored-attributes]
  361 | typedef __packed struct         //2026.3.14锟睫革拷
      |         ^
../Drivers/STM32H7xx_HAL_Driver/Inc\stm32h7xx_hal_def.h(117): note: expanded from macro '__packed'
  117 |     #define __packed  __attribute__((packed))
      |                                      ^
../UI/source/Detect.c(4): warning: In file included from...
../UI/include\judge.h(384): warning: 'packed' attribute ignored [-Wignored-attributes]
  384 | typedef __packed struct 
      |         ^
../Drivers/STM32H7xx_HAL_Driver/Inc\stm32h7xx_hal_def.h(117): note: expanded from macro '__packed'
  117 |     #define __packed  __attribute__((packed))
      |                                      ^
../UI/source/Detect.c(4): warning: In file included from...
../UI/include\judge.h(392): warning: 'packed' attribute ignored [-Wignored-attributes]
  392 | typedef __packed struct
      |         ^
../Drivers/STM32H7xx_HAL_Driver/Inc\stm32h7xx_hal_def.h(117): note: expanded from macro '__packed'
  117 |     #define __packed  __attribute__((packed))
      |                                      ^
../UI/source/Detect.c(4): warning: In file included from...
../UI/include\judge.h(410): warning: 'packed' attribute ignored [-Wignored-attributes]
  410 | typedef __packed struct{
      |         ^
../Drivers/STM32H7xx_HAL_Driver/Inc\stm32h7xx_hal_def.h(117): note: expanded from macro '__packed'
  117 |     #define __packed  __attribute__((packed))
      |                                      ^
22 warnings generated.
compiling Detect.c...
compiling ControlSystem.c...
../UI/source/jlui_port_freertos.c(8): warning: In file included from...
../UI/include\judge.h(127): warning: 'packed' attribute ignored [-Wignored-attributes]
  127 | typedef __packed struct //锟斤拷锟斤拷系统帧头
      |         ^
../Drivers/STM32H7xx_HAL_Driver/Inc\stm32h7xx_hal_def.h(117): note: expanded from macro '__packed'
  117 |     #define __packed  __attribute__((packed))
      |                                      ^
../UI/source/jlui_port_freertos.c(8): warning: In file included from...
../UI/include\judge.h(135): warning: 'packed' attribute ignored [-Wignored-attributes]
  135 | typedef __packed struct{
      |         ^
../Drivers/STM32H7xx_HAL_Driver/Inc\stm32h7xx_hal_def.h(117): note: expanded from macro '__packed'
  117 |     #define __packed  __attribute__((packed))
      |                                      ^
../UI/source/jlui_port_freertos.c(8): warning: In file included from...
../UI/include\judge.h(145): warning: 'packed' attribute ignored [-Wignored-attributes]
  145 | typedef __packed struct
      |         ^
../Drivers/STM32H7xx_HAL_Driver/Inc\stm32h7xx_hal_def.h(117): note: expanded from macro '__packed'
  117 |     #define __packed  __attribute__((packed))
      |                                      ^
../UI/source/jlui_port_freertos.c(8): warning: In file included from...
../UI/include\judge.h(154): warning: 'packed' attribute ignored [-Wignored-attributes]
  154 | typedef __packed struct 
      |         ^
../Drivers/STM32H7xx_HAL_Driver/Inc\stm32h7xx_hal_def.h(117): note: expanded from macro '__packed'
  117 |     #define __packed  __attribute__((packed))
      |                                      ^
../UI/source/jlui_port_freertos.c(8): warning: In file included from...
../UI/include\judge.h(160): warning: 'packed' attribute ignored [-Wignored-attributes]
  160 | typedef __packed struct
      |         ^
../Drivers/STM32H7xx_HAL_Driver/Inc\stm32h7xx_hal_def.h(117): note: expanded from macro '__packed'
  117 |     #define __packed  __attribute__((packed))
      |                                      ^
../UI/source/jlui_port_freertos.c(8): warning: In file included from...
../UI/include\judge.h(173): warning: 'packed' attribute ignored [-Wignored-attributes]
  173 | typedef __packed struct                                         //2026.3.14锟睫革拷
      |         ^
../Drivers/STM32H7xx_HAL_Driver/Inc\stm32h7xx_hal_def.h(117): note: expanded from macro '__packed'
  117 |     #define __packed  __attribute__((packed))
      |                                      ^
../UI/source/jlui_port_freertos.c(8): warning: In file included from...
../UI/include\judge.h(218): warning: 'packed' attribute ignored [-Wignored-attributes]
  218 | typedef __packed struct
      |         ^
../Drivers/STM32H7xx_HAL_Driver/Inc\stm32h7xx_hal_def.h(117): note: expanded from macro '__packed'
  117 |     #define __packed  __attribute__((packed))
      |                                      ^
../UI/source/jlui_port_freertos.c(8): warning: In file included from...
../UI/include\judge.h(226): warning: 'packed' attribute ignored [-Wignored-attributes]
  226 | typedef __packed struct 
      |         ^
../Drivers/STM32H7xx_HAL_Driver/Inc\stm32h7xx_hal_def.h(117): note: expanded from macro '__packed'
  117 |     #define __packed  __attribute__((packed))
      |                                      ^
../UI/source/jlui_port_freertos.c(8): warning: In file included from...
../UI/include\judge.h(233): warning: 'packed' attribute ignored [-Wignored-attributes]
  233 | typedef __packed struct
      |         ^
../Drivers/STM32H7xx_HAL_Driver/Inc\stm32h7xx_hal_def.h(117): note: expanded from macro '__packed'
  117 |     #define __packed  __attribute__((packed))
      |                                      ^
../UI/source/jlui_port_freertos.c(8): warning: In file included from...
../UI/include\judge.h(249): warning: 'packed' attribute ignored [-Wignored-attributes]
  249 | typedef __packed struct
      |         ^
../Drivers/STM32H7xx_HAL_Driver/Inc\stm32h7xx_hal_def.h(117): note: expanded from macro '__packed'
  117 |     #define __packed  __attribute__((packed))
      |                                      ^
../UI/source/jlui_port_freertos.c(8): warning: In file included from...
../UI/include\judge.h(261): warning: 'packed' attribute ignored [-Wignored-attributes]
  261 | typedef __packed struct 
      |         ^
../Drivers/STM32H7xx_HAL_Driver/Inc\stm32h7xx_hal_def.h(117): note: expanded from macro '__packed'
  117 |     #define __packed  __attribute__((packed))
      |                                      ^
../UI/source/jlui_port_freertos.c(8): warning: In file included from...
../UI/include\judge.h(270): warning: 'packed' attribute ignored [-Wignored-attributes]
  270 | typedef __packed struct 
      |         ^
../Drivers/STM32H7xx_HAL_Driver/Inc\stm32h7xx_hal_def.h(117): note: expanded from macro '__packed'
  117 |     #define __packed  __attribute__((packed))
      |                                      ^
../UI/source/jlui_port_freertos.c(8): warning: In file included from...
../UI/include\judge.h(282): warning: 'packed' attribute ignored [-Wignored-attributes]
  282 | typedef __packed struct 
      |         ^
../Drivers/STM32H7xx_HAL_Driver/Inc\stm32h7xx_hal_def.h(117): note: expanded from macro '__packed'
  117 |     #define __packed  __attribute__((packed))
      |                                      ^
../UI/source/jlui_port_freertos.c(8): warning: In file included from...
../UI/include\judge.h(290): warning: 'packed' attribute ignored [-Wignored-attributes]
  290 | typedef __packed struct
      |         ^
../Drivers/STM32H7xx_HAL_Driver/Inc\stm32h7xx_hal_def.h(117): note: expanded from macro '__packed'
  117 |     #define __packed  __attribute__((packed))
      |                                      ^
../UI/source/jlui_port_freertos.c(8): warning: In file included from...
../UI/include\judge.h(299): warning: 'packed' attribute ignored [-Wignored-attributes]
  299 | typedef __packed struct
      |         ^
../Drivers/STM32H7xx_HAL_Driver/Inc\stm32h7xx_hal_def.h(117): note: expanded from macro '__packed'
  117 |     #define __packed  __attribute__((packed))
      |                                      ^
../UI/source/jlui_port_freertos.c(8): warning: In file included from...
../UI/include\judge.h(308): warning: 'packed' attribute ignored [-Wignored-attributes]
  308 | typedef __packed struct
      |         ^
../Drivers/STM32H7xx_HAL_Driver/Inc\stm32h7xx_hal_def.h(117): note: expanded from macro '__packed'
  117 |     #define __packed  __attribute__((packed))
      |                                      ^
../UI/source/jlui_port_freertos.c(8): warning: In file included from...
../UI/include\judge.h(315): warning: 'packed' attribute ignored [-Wignored-attributes]
  315 | typedef __packed struct
      |         ^
../Drivers/STM32H7xx_HAL_Driver/Inc\stm32h7xx_hal_def.h(117): note: expanded from macro '__packed'
  117 |     #define __packed  __attribute__((packed))
      |                                      ^
../UI/source/jlui_port_freertos.c(8): warning: In file included from...
../UI/include\judge.h(324): warning: 'packed' attribute ignored [-Wignored-attributes]
  324 | typedef __packed struct
      |         ^
../Drivers/STM32H7xx_HAL_Driver/Inc\stm32h7xx_hal_def.h(117): note: expanded from macro '__packed'
  117 |     #define __packed  __attribute__((packed))
      |                                      ^
../UI/source/jlui_port_freertos.c(8): warning: In file included from...
../UI/include\judge.h(361): warning: 'packed' attribute ignored [-Wignored-attributes]
  361 | typedef __packed struct         //2026.3.14锟睫革拷
      |         ^
../Drivers/STM32H7xx_HAL_Driver/Inc\stm32h7xx_hal_def.h(117): note: expanded from macro '__packed'
  117 |     #define __packed  __attribute__((packed))
      |                                      ^
../UI/source/jlui_port_freertos.c(8): warning: In file included from...
../UI/include\judge.h(384): warning: 'packed' attribute ignored [-Wignored-attributes]
  384 | typedef __packed struct 
      |         ^
../Drivers/STM32H7xx_HAL_Driver/Inc\stm32h7xx_hal_def.h(117): note: expanded from macro '__packed'
  117 |     #define __packed  __attribute__((packed))
      |                                      ^
../UI/source/jlui_port_freertos.c(8): warning: In file included from...
../UI/include\judge.h(392): warning: 'packed' attribute ignored [-Wignored-attributes]
  392 | typedef __packed struct
      |         ^
../Drivers/STM32H7xx_HAL_Driver/Inc\stm32h7xx_hal_def.h(117): note: expanded from macro '__packed'
  117 |     #define __packed  __attribute__((packed))
      |                                      ^
../UI/source/jlui_port_freertos.c(8): warning: In file included from...
../UI/include\judge.h(410): warning: 'packed' attribute ignored [-Wignored-attributes]
  410 | typedef __packed struct{
      |         ^
../Drivers/STM32H7xx_HAL_Driver/Inc\stm32h7xx_hal_def.h(117): note: expanded from macro '__packed'
  117 |     #define __packed  __attribute__((packed))
      |                                      ^
22 warnings generated.
compiling jlui_port_freertos.c...
../UI/source/Judge.c(1): warning: In file included from...
../UI/include\Judge.h(127): warning: 'packed' attribute ignored [-Wignored-attributes]
  127 | typedef __packed struct //锟斤拷锟斤拷系统帧头
      |         ^
../Drivers/STM32H7xx_HAL_Driver/Inc\stm32h7xx_hal_def.h(117): note: expanded from macro '__packed'
  117 |     #define __packed  __attribute__((packed))
      |                                      ^
../UI/source/Judge.c(1): warning: In file included from...
../UI/include\Judge.h(135): warning: 'packed' attribute ignored [-Wignored-attributes]
  135 | typedef __packed struct{
      |         ^
../Drivers/STM32H7xx_HAL_Driver/Inc\stm32h7xx_hal_def.h(117): note: expanded from macro '__packed'
  117 |     #define __packed  __attribute__((packed))
      |                                      ^
../UI/source/Judge.c(1): warning: In file included from...
../UI/include\Judge.h(145): warning: 'packed' attribute ignored [-Wignored-attributes]
  145 | typedef __packed struct
      |         ^
../Drivers/STM32H7xx_HAL_Driver/Inc\stm32h7xx_hal_def.h(117): note: expanded from macro '__packed'
  117 |     #define __packed  __attribute__((packed))
      |                                      ^
../UI/source/Judge.c(1): warning: In file included from...
../UI/include\Judge.h(154): warning: 'packed' attribute ignored [-Wignored-attributes]
  154 | typedef __packed struct 
      |         ^
../Drivers/STM32H7xx_HAL_Driver/Inc\stm32h7xx_hal_def.h(117): note: expanded from macro '__packed'
  117 |     #define __packed  __attribute__((packed))
      |                                      ^
../UI/source/Judge.c(1): warning: In file included from...
../UI/include\Judge.h(160): warning: 'packed' attribute ignored [-Wignored-attributes]
  160 | typedef __packed struct
      |         ^
../Drivers/STM32H7xx_HAL_Driver/Inc\stm32h7xx_hal_def.h(117): note: expanded from macro '__packed'
  117 |     #define __packed  __attribute__((packed))
      |                                      ^
../UI/source/Judge.c(1): warning: In file included from...
../UI/include\Judge.h(173): warning: 'packed' attribute ignored [-Wignored-attributes]
  173 | typedef __packed struct                                         //2026.3.14锟睫革拷
      |         ^
../Drivers/STM32H7xx_HAL_Driver/Inc\stm32h7xx_hal_def.h(117): note: expanded from macro '__packed'
  117 |     #define __packed  __attribute__((packed))
      |                                      ^
../UI/source/Judge.c(1): warning: In file included from...
../UI/include\Judge.h(218): warning: 'packed' attribute ignored [-Wignored-attributes]
  218 | typedef __packed struct
      |         ^
../Drivers/STM32H7xx_HAL_Driver/Inc\stm32h7xx_hal_def.h(117): note: expanded from macro '__packed'
  117 |     #define __packed  __attribute__((packed))
      |                                      ^
../UI/source/Judge.c(1): warning: In file included from...
../UI/include\Judge.h(226): warning: 'packed' attribute ignored [-Wignored-attributes]
  226 | typedef __packed struct 
      |         ^
../Drivers/STM32H7xx_HAL_Driver/Inc\stm32h7xx_hal_def.h(117): note: expanded from macro '__packed'
  117 |     #define __packed  __attribute__((packed))
      |                                      ^
../UI/source/Judge.c(1): warning: In file included from...
../UI/include\Judge.h(233): warning: 'packed' attribute ignored [-Wignored-attributes]
  233 | typedef __packed struct
      |         ^
../Drivers/STM32H7xx_HAL_Driver/Inc\stm32h7xx_hal_def.h(117): note: expanded from macro '__packed'
  117 |     #define __packed  __attribute__((packed))
      |                                      ^
../UI/source/Judge.c(1): warning: In file included from...
../UI/include\Judge.h(249): warning: 'packed' attribute ignored [-Wignored-attributes]
  249 | typedef __packed struct
      |         ^
../Drivers/STM32H7xx_HAL_Driver/Inc\stm32h7xx_hal_def.h(117): note: expanded from macro '__packed'
  117 |     #define __packed  __attribute__((packed))
      |                                      ^
../UI/source/Judge.c(1): warning: In file included from...
../UI/include\Judge.h(261): warning: 'packed' attribute ignored [-Wignored-attributes]
  261 | typedef __packed struct 
      |         ^
../Drivers/STM32H7xx_HAL_Driver/Inc\stm32h7xx_hal_def.h(117): note: expanded from macro '__packed'
  117 |     #define __packed  __attribute__((packed))
      |                                      ^
../UI/source/Judge.c(1): warning: In file included from...
../UI/include\Judge.h(270): warning: 'packed' attribute ignored [-Wignored-attributes]
  270 | typedef __packed struct 
      |         ^
../Drivers/STM32H7xx_HAL_Driver/Inc\stm32h7xx_hal_def.h(117): note: expanded from macro '__packed'
  117 |     #define __packed  __attribute__((packed))
      |                                      ^
../UI/source/Judge.c(1): warning: In file included from...
../UI/include\Judge.h(282): warning: 'packed' attribute ignored [-Wignored-attributes]
  282 | typedef __packed struct 
      |         ^
../Drivers/STM32H7xx_HAL_Driver/Inc\stm32h7xx_hal_def.h(117): note: expanded from macro '__packed'
  117 |     #define __packed  __attribute__((packed))
      |                                      ^
../UI/source/Judge.c(1): warning: In file included from...
../UI/include\Judge.h(290): warning: 'packed' attribute ignored [-Wignored-attributes]
  290 | typedef __packed struct
      |         ^
../Drivers/STM32H7xx_HAL_Driver/Inc\stm32h7xx_hal_def.h(117): note: expanded from macro '__packed'
  117 |     #define __packed  __attribute__((packed))
      |                                      ^
../UI/source/Judge.c(1): warning: In file included from...
../UI/include\Judge.h(299): warning: 'packed' attribute ignored [-Wignored-attributes]
  299 | typedef __packed struct
      |         ^
../Drivers/STM32H7xx_HAL_Driver/Inc\stm32h7xx_hal_def.h(117): note: expanded from macro '__packed'
  117 |     #define __packed  __attribute__((packed))
      |                                      ^
../UI/source/Judge.c(1): warning: In file included from...
../UI/include\Judge.h(308): warning: 'packed' attribute ignored [-Wignored-attributes]
  308 | typedef __packed struct
      |         ^
../Drivers/STM32H7xx_HAL_Driver/Inc\stm32h7xx_hal_def.h(117): note: expanded from macro '__packed'
  117 |     #define __packed  __attribute__((packed))
      |                                      ^
../UI/source/Judge.c(1): warning: In file included from...
../UI/include\Judge.h(315): warning: 'packed' attribute ignored [-Wignored-attributes]
  315 | typedef __packed struct
      |         ^
../Drivers/STM32H7xx_HAL_Driver/Inc\stm32h7xx_hal_def.h(117): note: expanded from macro '__packed'
  117 |     #define __packed  __attribute__((packed))
      |                                      ^
../UI/source/Judge.c(1): warning: In file included from...
../UI/include\Judge.h(324): warning: 'packed' attribute ignored [-Wignored-attributes]
  324 | typedef __packed struct
      |         ^
../Drivers/STM32H7xx_HAL_Driver/Inc\stm32h7xx_hal_def.h(117): note: expanded from macro '__packed'
  117 |     #define __packed  __attribute__((packed))
      |                                      ^
../UI/source/Judge.c(1): warning: In file included from...
../UI/include\Judge.h(361): warning: 'packed' attribute ignored [-Wignored-attributes]
  361 | typedef __packed struct         //2026.3.14锟睫革拷
      |         ^
../Drivers/STM32H7xx_HAL_Driver/Inc\stm32h7xx_hal_def.h(117): note: expanded from macro '__packed'
  117 |     #define __packed  __attribute__((packed))
      |                                      ^
../UI/source/Judge.c(1): warning: In file included from...
../UI/include\Judge.h(384): warning: 'packed' attribute ignored [-Wignored-attributes]
  384 | typedef __packed struct 
      |         ^
../Drivers/STM32H7xx_HAL_Driver/Inc\stm32h7xx_hal_def.h(117): note: expanded from macro '__packed'
  117 |     #define __packed  __attribute__((packed))
      |                                      ^
../UI/source/Judge.c(1): warning: In file included from...
../UI/include\Judge.h(392): warning: 'packed' attribute ignored [-Wignored-attributes]
  392 | typedef __packed struct
      |         ^
../Drivers/STM32H7xx_HAL_Driver/Inc\stm32h7xx_hal_def.h(117): note: expanded from macro '__packed'
  117 |     #define __packed  __attribute__((packed))
      |                                      ^
../UI/source/Judge.c(1): warning: In file included from...
../UI/include\Judge.h(410): warning: 'packed' attribute ignored [-Wignored-attributes]
  410 | typedef __packed struct{
      |         ^
../Drivers/STM32H7xx_HAL_Driver/Inc\stm32h7xx_hal_def.h(117): note: expanded from macro '__packed'
  117 |     #define __packed  __attribute__((packed))
      |                                      ^
22 warnings generated.
compiling Judge.c...
compiling Filter.c...
compiling FricModelSIM.c...
compiling myQueue.c...
compiling SMC.c...
compiling Slope.c...
compiling Com.c...
compiling UserFreertos.c...
../UserMiddlewares/source/Board2Board.c(5): warning: In file included from...
../UI/include\Judge.h(127): warning: 'packed' attribute ignored [-Wignored-attributes]
  127 | typedef __packed struct //锟斤拷锟斤拷系统帧头
      |         ^
../Drivers/STM32H7xx_HAL_Driver/Inc\stm32h7xx_hal_def.h(117): note: expanded from macro '__packed'
  117 |     #define __packed  __attribute__((packed))
      |                                      ^
../UserMiddlewares/source/Board2Board.c(5): warning: In file included from...
../UI/include\Judge.h(135): warning: 'packed' attribute ignored [-Wignored-attributes]
  135 | typedef __packed struct{
      |         ^
../Drivers/STM32H7xx_HAL_Driver/Inc\stm32h7xx_hal_def.h(117): note: expanded from macro '__packed'
  117 |     #define __packed  __attribute__((packed))
      |                                      ^
../UserMiddlewares/source/Board2Board.c(5): warning: In file included from...
../UI/include\Judge.h(145): warning: 'packed' attribute ignored [-Wignored-attributes]
  145 | typedef __packed struct
      |         ^
../Drivers/STM32H7xx_HAL_Driver/Inc\stm32h7xx_hal_def.h(117): note: expanded from macro '__packed'
  117 |     #define __packed  __attribute__((packed))
      |                                      ^
../UserMiddlewares/source/Board2Board.c(5): warning: In file included from...
../UI/include\Judge.h(154): warning: 'packed' attribute ignored [-Wignored-attributes]
  154 | typedef __packed struct 
      |         ^
../Drivers/STM32H7xx_HAL_Driver/Inc\stm32h7xx_hal_def.h(117): note: expanded from macro '__packed'
  117 |     #define __packed  __attribute__((packed))
      |                                      ^
../UserMiddlewares/source/Board2Board.c(5): warning: In file included from...
../UI/include\Judge.h(160): warning: 'packed' attribute ignored [-Wignored-attributes]
  160 | typedef __packed struct
      |         ^
../Drivers/STM32H7xx_HAL_Driver/Inc\stm32h7xx_hal_def.h(117): note: expanded from macro '__packed'
  117 |     #define __packed  __attribute__((packed))
      |                                      ^
../UserMiddlewares/source/Board2Board.c(5): warning: In file included from...
../UI/include\Judge.h(173): warning: 'packed' attribute ignored [-Wignored-attributes]
  173 | typedef __packed struct                                         //2026.3.14锟睫革拷
      |         ^
../Drivers/STM32H7xx_HAL_Driver/Inc\stm32h7xx_hal_def.h(117): note: expanded from macro '__packed'
  117 |     #define __packed  __attribute__((packed))
      |                                      ^
../UserMiddlewares/source/Board2Board.c(5): warning: In file included from...
../UI/include\Judge.h(218): warning: 'packed' attribute ignored [-Wignored-attributes]
  218 | typedef __packed struct
      |         ^
../Drivers/STM32H7xx_HAL_Driver/Inc\stm32h7xx_hal_def.h(117): note: expanded from macro '__packed'
  117 |     #define __packed  __attribute__((packed))
      |                                      ^
../UserMiddlewares/source/Board2Board.c(5): warning: In file included from...
../UI/include\Judge.h(226): warning: 'packed' attribute ignored [-Wignored-attributes]
  226 | typedef __packed struct 
      |         ^
../Drivers/STM32H7xx_HAL_Driver/Inc\stm32h7xx_hal_def.h(117): note: expanded from macro '__packed'
  117 |     #define __packed  __attribute__((packed))
      |                                      ^
../UserMiddlewares/source/Board2Board.c(5): warning: In file included from...
../UI/include\Judge.h(233): warning: 'packed' attribute ignored [-Wignored-attributes]
  233 | typedef __packed struct
      |         ^
../Drivers/STM32H7xx_HAL_Driver/Inc\stm32h7xx_hal_def.h(117): note: expanded from macro '__packed'
  117 |     #define __packed  __attribute__((packed))
      |                                      ^
../UserMiddlewares/source/Board2Board.c(5): warning: In file included from...
../UI/include\Judge.h(249): warning: 'packed' attribute ignored [-Wignored-attributes]
  249 | typedef __packed struct
      |         ^
../Drivers/STM32H7xx_HAL_Driver/Inc\stm32h7xx_hal_def.h(117): note: expanded from macro '__packed'
  117 |     #define __packed  __attribute__((packed))
      |                                      ^
../UserMiddlewares/source/Board2Board.c(5): warning: In file included from...
../UI/include\Judge.h(261): warning: 'packed' attribute ignored [-Wignored-attributes]
  261 | typedef __packed struct 
      |         ^
../Drivers/STM32H7xx_HAL_Driver/Inc\stm32h7xx_hal_def.h(117): note: expanded from macro '__packed'
  117 |     #define __packed  __attribute__((packed))
      |                                      ^
../UserMiddlewares/source/Board2Board.c(5): warning: In file included from...
../UI/include\Judge.h(270): warning: 'packed' attribute ignored [-Wignored-attributes]
  270 | typedef __packed struct 
      |         ^
../Drivers/STM32H7xx_HAL_Driver/Inc\stm32h7xx_hal_def.h(117): note: expanded from macro '__packed'
  117 |     #define __packed  __attribute__((packed))
      |                                      ^
../UserMiddlewares/source/Board2Board.c(5): warning: In file included from...
../UI/include\Judge.h(282): warning: 'packed' attribute ignored [-Wignored-attributes]
  282 | typedef __packed struct 
      |         ^
../Drivers/STM32H7xx_HAL_Driver/Inc\stm32h7xx_hal_def.h(117): note: expanded from macro '__packed'
  117 |     #define __packed  __attribute__((packed))
      |                                      ^
../UserMiddlewares/source/Board2Board.c(5): warning: In file included from...
../UI/include\Judge.h(290): warning: 'packed' attribute ignored [-Wignored-attributes]
  290 | typedef __packed struct
      |         ^
../Drivers/STM32H7xx_HAL_Driver/Inc\stm32h7xx_hal_def.h(117): note: expanded from macro '__packed'
  117 |     #define __packed  __attribute__((packed))
      |                                      ^
../UserMiddlewares/source/Board2Board.c(5): warning: In file included from...
../UI/include\Judge.h(299): warning: 'packed' attribute ignored [-Wignored-attributes]
  299 | typedef __packed struct
      |         ^
../Drivers/STM32H7xx_HAL_Driver/Inc\stm32h7xx_hal_def.h(117): note: expanded from macro '__packed'
  117 |     #define __packed  __attribute__((packed))
      |                                      ^
../UserMiddlewares/source/Board2Board.c(5): warning: In file included from...
../UI/include\Judge.h(308): warning: 'packed' attribute ignored [-Wignored-attributes]
  308 | typedef __packed struct
      |         ^
../Drivers/STM32H7xx_HAL_Driver/Inc\stm32h7xx_hal_def.h(117): note: expanded from macro '__packed'
  117 |     #define __packed  __attribute__((packed))
      |                                      ^
../UserMiddlewares/source/Board2Board.c(5): warning: In file included from...
../UI/include\Judge.h(315): warning: 'packed' attribute ignored [-Wignored-attributes]
  315 | typedef __packed struct
      |         ^
../Drivers/STM32H7xx_HAL_Driver/Inc\stm32h7xx_hal_def.h(117): note: expanded from macro '__packed'
  117 |     #define __packed  __attribute__((packed))
      |                                      ^
../UserMiddlewares/source/Board2Board.c(5): warning: In file included from...
../UI/include\Judge.h(324): warning: 'packed' attribute ignored [-Wignored-attributes]
  324 | typedef __packed struct
      |         ^
../Drivers/STM32H7xx_HAL_Driver/Inc\stm32h7xx_hal_def.h(117): note: expanded from macro '__packed'
  117 |     #define __packed  __attribute__((packed))
      |                                      ^
../UserMiddlewares/source/Board2Board.c(5): warning: In file included from...
../UI/include\Judge.h(361): warning: 'packed' attribute ignored [-Wignored-attributes]
  361 | typedef __packed struct         //2026.3.14锟睫革拷
      |         ^
../Drivers/STM32H7xx_HAL_Driver/Inc\stm32h7xx_hal_def.h(117): note: expanded from macro '__packed'
  117 |     #define __packed  __attribute__((packed))
      |                                      ^
../UserMiddlewares/source/Board2Board.c(5): warning: In file included from...
../UI/include\Judge.h(384): warning: 'packed' attribute ignored [-Wignored-attributes]
  384 | typedef __packed struct 
      |         ^
../Drivers/STM32H7xx_HAL_Driver/Inc\stm32h7xx_hal_def.h(117): note: expanded from macro '__packed'
  117 |     #define __packed  __attribute__((packed))
      |                                      ^
../UserMiddlewares/source/Board2Board.c(5): warning: In file included from...
../UI/include\Judge.h(392): warning: 'packed' attribute ignored [-Wignored-attributes]
  392 | typedef __packed struct
      |         ^
../Drivers/STM32H7xx_HAL_Driver/Inc\stm32h7xx_hal_def.h(117): note: expanded from macro '__packed'
  117 |     #define __packed  __attribute__((packed))
      |                                      ^
../UserMiddlewares/source/Board2Board.c(5): warning: In file included from...
../UI/include\Judge.h(410): warning: 'packed' attribute ignored [-Wignored-attributes]
  410 | typedef __packed struct{
      |         ^
../Drivers/STM32H7xx_HAL_Driver/Inc\stm32h7xx_hal_def.h(117): note: expanded from macro '__packed'
  117 |     #define __packed  __attribute__((packed))
      |                                      ^
22 warnings generated.
compiling Board2Board.c...
compiling RLS.c...
../Power_control/PowerCtrl.c(7): warning: In file included from...
../UI/include\Judge.h(127): warning: 'packed' attribute ignored [-Wignored-attributes]
  127 | typedef __packed struct //锟斤拷锟斤拷系统帧头
      |         ^
../Drivers/STM32H7xx_HAL_Driver/Inc\stm32h7xx_hal_def.h(117): note: expanded from macro '__packed'
  117 |     #define __packed  __attribute__((packed))
      |                                      ^
../Power_control/PowerCtrl.c(7): warning: In file included from...
../UI/include\Judge.h(135): warning: 'packed' attribute ignored [-Wignored-attributes]
  135 | typedef __packed struct{
      |         ^
../Drivers/STM32H7xx_HAL_Driver/Inc\stm32h7xx_hal_def.h(117): note: expanded from macro '__packed'
  117 |     #define __packed  __attribute__((packed))
      |                                      ^
../Power_control/PowerCtrl.c(7): warning: In file included from...
../UI/include\Judge.h(145): warning: 'packed' attribute ignored [-Wignored-attributes]
  145 | typedef __packed struct
      |         ^
../Drivers/STM32H7xx_HAL_Driver/Inc\stm32h7xx_hal_def.h(117): note: expanded from macro '__packed'
  117 |     #define __packed  __attribute__((packed))
      |                                      ^
../Power_control/PowerCtrl.c(7): warning: In file included from...
../UI/include\Judge.h(154): warning: 'packed' attribute ignored [-Wignored-attributes]
  154 | typedef __packed struct 
      |         ^
../Drivers/STM32H7xx_HAL_Driver/Inc\stm32h7xx_hal_def.h(117): note: expanded from macro '__packed'
  117 |     #define __packed  __attribute__((packed))
      |                                      ^
../Power_control/PowerCtrl.c(7): warning: In file included from...
../UI/include\Judge.h(160): warning: 'packed' attribute ignored [-Wignored-attributes]
  160 | typedef __packed struct
      |         ^
../Drivers/STM32H7xx_HAL_Driver/Inc\stm32h7xx_hal_def.h(117): note: expanded from macro '__packed'
  117 |     #define __packed  __attribute__((packed))
      |                                      ^
../Power_control/PowerCtrl.c(7): warning: In file included from...
../UI/include\Judge.h(173): warning: 'packed' attribute ignored [-Wignored-attributes]
  173 | typedef __packed struct                                         //2026.3.14锟睫革拷
      |         ^
../Drivers/STM32H7xx_HAL_Driver/Inc\stm32h7xx_hal_def.h(117): note: expanded from macro '__packed'
  117 |     #define __packed  __attribute__((packed))
      |                                      ^
../Power_control/PowerCtrl.c(7): warning: In file included from...
../UI/include\Judge.h(218): warning: 'packed' attribute ignored [-Wignored-attributes]
  218 | typedef __packed struct
      |         ^
../Drivers/STM32H7xx_HAL_Driver/Inc\stm32h7xx_hal_def.h(117): note: expanded from macro '__packed'
  117 |     #define __packed  __attribute__((packed))
      |                                      ^
../Power_control/PowerCtrl.c(7): warning: In file included from...
../UI/include\Judge.h(226): warning: 'packed' attribute ignored [-Wignored-attributes]
  226 | typedef __packed struct 
      |         ^
../Drivers/STM32H7xx_HAL_Driver/Inc\stm32h7xx_hal_def.h(117): note: expanded from macro '__packed'
  117 |     #define __packed  __attribute__((packed))
      |                                      ^
../Power_control/PowerCtrl.c(7): warning: In file included from...
../UI/include\Judge.h(233): warning: 'packed' attribute ignored [-Wignored-attributes]
  233 | typedef __packed struct
      |         ^
../Drivers/STM32H7xx_HAL_Driver/Inc\stm32h7xx_hal_def.h(117): note: expanded from macro '__packed'
  117 |     #define __packed  __attribute__((packed))
      |                                      ^
../Power_control/PowerCtrl.c(7): warning: In file included from...
../UI/include\Judge.h(249): warning: 'packed' attribute ignored [-Wignored-attributes]
  249 | typedef __packed struct
      |         ^
../Drivers/STM32H7xx_HAL_Driver/Inc\stm32h7xx_hal_def.h(117): note: expanded from macro '__packed'
  117 |     #define __packed  __attribute__((packed))
      |                                      ^
../Power_control/PowerCtrl.c(7): warning: In file included from...
../UI/include\Judge.h(261): warning: 'packed' attribute ignored [-Wignored-attributes]
  261 | typedef __packed struct 
      |         ^
../Drivers/STM32H7xx_HAL_Driver/Inc\stm32h7xx_hal_def.h(117): note: expanded from macro '__packed'
  117 |     #define __packed  __attribute__((packed))
      |                                      ^
../Power_control/PowerCtrl.c(7): warning: In file included from...
../UI/include\Judge.h(270): warning: 'packed' attribute ignored [-Wignored-attributes]
  270 | typedef __packed struct 
      |         ^
../Drivers/STM32H7xx_HAL_Driver/Inc\stm32h7xx_hal_def.h(117): note: expanded from macro '__packed'
  117 |     #define __packed  __attribute__((packed))
      |                                      ^
../Power_control/PowerCtrl.c(7): warning: In file included from...
../UI/include\Judge.h(282): warning: 'packed' attribute ignored [-Wignored-attributes]
  282 | typedef __packed struct 
      |         ^
../Drivers/STM32H7xx_HAL_Driver/Inc\stm32h7xx_hal_def.h(117): note: expanded from macro '__packed'
  117 |     #define __packed  __attribute__((packed))
      |                                      ^
../Power_control/PowerCtrl.c(7): warning: In file included from...
../UI/include\Judge.h(290): warning: 'packed' attribute ignored [-Wignored-attributes]
  290 | typedef __packed struct
      |         ^
../Drivers/STM32H7xx_HAL_Driver/Inc\stm32h7xx_hal_def.h(117): note: expanded from macro '__packed'
  117 |     #define __packed  __attribute__((packed))
      |                                      ^
../Power_control/PowerCtrl.c(7): warning: In file included from...
../UI/include\Judge.h(299): warning: 'packed' attribute ignored [-Wignored-attributes]
  299 | typedef __packed struct
      |         ^
../Drivers/STM32H7xx_HAL_Driver/Inc\stm32h7xx_hal_def.h(117): note: expanded from macro '__packed'
  117 |     #define __packed  __attribute__((packed))
      |                                      ^
../Power_control/PowerCtrl.c(7): warning: In file included from...
../UI/include\Judge.h(308): warning: 'packed' attribute ignored [-Wignored-attributes]
  308 | typedef __packed struct
      |         ^
../Drivers/STM32H7xx_HAL_Driver/Inc\stm32h7xx_hal_def.h(117): note: expanded from macro '__packed'
  117 |     #define __packed  __attribute__((packed))
      |                                      ^
../Power_control/PowerCtrl.c(7): warning: In file included from...
../UI/include\Judge.h(315): warning: 'packed' attribute ignored [-Wignored-attributes]
  315 | typedef __packed struct
      |         ^
../Drivers/STM32H7xx_HAL_Driver/Inc\stm32h7xx_hal_def.h(117): note: expanded from macro '__packed'
  117 |     #define __packed  __attribute__((packed))
      |                                      ^
../Power_control/PowerCtrl.c(7): warning: In file included from...
../UI/include\Judge.h(324): warning: 'packed' attribute ignored [-Wignored-attributes]
  324 | typedef __packed struct
      |         ^
../Drivers/STM32H7xx_HAL_Driver/Inc\stm32h7xx_hal_def.h(117): note: expanded from macro '__packed'
  117 |     #define __packed  __attribute__((packed))
      |                                      ^
../Power_control/PowerCtrl.c(7): warning: In file included from...
../UI/include\Judge.h(361): warning: 'packed' attribute ignored [-Wignored-attributes]
  361 | typedef __packed struct         //2026.3.14锟睫革拷
      |         ^
../Drivers/STM32H7xx_HAL_Driver/Inc\stm32h7xx_hal_def.h(117): note: expanded from macro '__packed'
  117 |     #define __packed  __attribute__((packed))
      |                                      ^
../Power_control/PowerCtrl.c(7): warning: In file included from...
../UI/include\Judge.h(384): warning: 'packed' attribute ignored [-Wignored-attributes]
  384 | typedef __packed struct 
      |         ^
../Drivers/STM32H7xx_HAL_Driver/Inc\stm32h7xx_hal_def.h(117): note: expanded from macro '__packed'
  117 |     #define __packed  __attribute__((packed))
      |                                      ^
../Power_control/PowerCtrl.c(7): warning: In file included from...
../UI/include\Judge.h(392): warning: 'packed' attribute ignored [-Wignored-attributes]
  392 | typedef __packed struct
      |         ^
../Drivers/STM32H7xx_HAL_Driver/Inc\stm32h7xx_hal_def.h(117): note: expanded from macro '__packed'
  117 |     #define __packed  __attribute__((packed))
      |                                      ^
../Power_control/PowerCtrl.c(7): warning: In file included from...
../UI/include\Judge.h(410): warning: 'packed' attribute ignored [-Wignored-attributes]
  410 | typedef __packed struct{
      |         ^
../Drivers/STM32H7xx_HAL_Driver/Inc\stm32h7xx_hal_def.h(117): note: expanded from macro '__packed'
  117 |     #define __packed  __attribute__((packed))
      |                                      ^
22 warnings generated.
compiling PowerCtrl.c...
compiling Angle_about.c...
compiling Trigger_about.c...
compiling Error.c...
compiling jlui.cpp...
compiling buzzer.c...
compiling State.c...
compiling LED.c...
compiling remoter.c...
compiling tfmini.c...
compiling wattmeter.c...
compiling Self_Righting.c...
../others/Motion_Control/App/src/motor.c(17): warning: In file included from...
../IMU_coculate\controller.h(22): warning: In file included from...
../IMU_coculate\user_lib.h(99): warning: 'packed' attribute ignored [-Wignored-attributes]
   99 | typedef __packed struct
      |         ^
../Drivers/STM32H7xx_HAL_Driver/Inc\stm32h7xx_hal_def.h(117): note: expanded from macro '__packed'
  117 |     #define __packed  __attribute__((packed))
      |                                      ^
../others/Motion_Control/App/src/motor.c(17): warning: In file included from...
../IMU_coculate\controller.h(46): warning: 'packed' attribute ignored [-Wignored-attributes]
   46 | typedef __packed struct
      |         ^
../Drivers/STM32H7xx_HAL_Driver/Inc\stm32h7xx_hal_def.h(117): note: expanded from macro '__packed'
  117 |     #define __packed  __attribute__((packed))
      |                                      ^
../others/Motion_Control/App/src/motor.c(17): warning: In file included from...
../IMU_coculate\controller.h(96): warning: 'packed' attribute ignored [-Wignored-attributes]
   96 | typedef __packed struct
      |         ^
../Drivers/STM32H7xx_HAL_Driver/Inc\stm32h7xx_hal_def.h(117): note: expanded from macro '__packed'
  117 |     #define __packed  __attribute__((packed))
      |                                      ^
../others/Motion_Control/App/src/motor.c(17): warning: In file included from...
../IMU_coculate\controller.h(102): warning: 'packed' attribute ignored [-Wignored-attributes]
  102 | typedef __packed struct pid_t
      |         ^
../Drivers/STM32H7xx_HAL_Driver/Inc\stm32h7xx_hal_def.h(117): note: expanded from macro '__packed'
  117 |     #define __packed  __attribute__((packed))
      |                                      ^
../others/Motion_Control/App/src/motor.c(17): warning: In file included from...
../IMU_coculate\controller.h(171): warning: 'packed' attribute ignored [-Wignored-attributes]
  171 | typedef __packed struct
      |         ^
../Drivers/STM32H7xx_HAL_Driver/Inc\stm32h7xx_hal_def.h(117): note: expanded from macro '__packed'
  117 |     #define __packed  __attribute__((packed))
      |                                      ^
../others/Motion_Control/App/src/motor.c(17): warning: In file included from...
../IMU_coculate\controller.h(210): warning: 'packed' attribute ignored [-Wignored-attributes]
  210 | typedef __packed struct
      |         ^
../Drivers/STM32H7xx_HAL_Driver/Inc\stm32h7xx_hal_def.h(117): note: expanded from macro '__packed'
  117 |     #define __packed  __attribute__((packed))
      |                                      ^
../others/Motion_Control/App/src/motor.c(17): warning: In file included from...
../IMU_coculate\controller.h(253): warning: 'packed' attribute ignored [-Wignored-attributes]
  253 | typedef __packed struct
      |         ^
../Drivers/STM32H7xx_HAL_Driver/Inc\stm32h7xx_hal_def.h(117): note: expanded from macro '__packed'
  117 |     #define __packed  __attribute__((packed))
      |                                      ^
7 warnings generated.
compiling motor.c...
compiling User_State.c...
compiling Gimbal.c...
compiling kalman_filter1.c...
compiling Leg_Control.c...
compiling observe_task.c...
compiling user_pid.c...
compiling VMC.c...
compiling Wheel_Leg_about.c...
compiling Motor_Drv.c...
compiling BasicMathFunctionsF16.c...
compiling USER_CAN.c...
compiling BayesFunctions.c...
compiling BayesFunctionsF16.c...
compiling BasicMathFunctions.c...
compiling CommonTablesF16.c...
compiling CommonTables.c...
compiling ComplexMathFunctionsF16.c...
compiling ComplexMathFunctions.c...
compiling ControllerFunctions.c...
compiling DistanceFunctionsF16.c...
compiling FastMathFunctionsF16.c...
compiling DistanceFunctions.c...
compiling FastMathFunctions.c...
compiling InterpolationFunctionsF16.c...
compiling FilteringFunctionsF16.c...
compiling InterpolationFunctions.c...
compiling QuaternionMathFunctions.c...
compiling MatrixFunctionsF16.c...
compiling MatrixFunctions.c...
compiling SVMFunctions.c...
compiling SVMFunctionsF16.c...
compiling StatisticsFunctionsF16.c...
compiling SupportFunctionsF16.c...
compiling SupportFunctions.c...
compiling StatisticsFunctions.c...
compiling FilteringFunctions.c...
compiling WindowFunctions.c...
compiling TransformFunctionsF16.c...
compiling TransformFunctions.c...
linking...
Program Size: Code=86812 RO-data=4176 RW-data=1916 ZI-data=53908  
FromELF: creating hex file...
"H7_Ctrl\H7_Ctrl.axf" - 0 Error(s), 172 Warning(s).

<h2>Software Packages used:</h2>

Package Vendor: ARM
                https://www.keil.com/pack/ARM.CMSIS.6.3.0.pack
                ARM::CMSIS@6.3.0
                CMSIS (Common Microcontroller Software Interface Standard)
   * Component: CORE Version: 6.2.0

Package Vendor: ARM
                https://www.keil.com/pack/ARM.CMSIS-DSP.1.17.0.pack
                ARM::CMSIS-DSP@1.17.0
                CMSIS Embedded Compute Library
   * Component: DSP Variant: Source Version: 1.17.0

Package Vendor: Keil
                https://www.keil.com/pack/Keil.STM32H7xx_DFP.4.1.3.pack
                Keil::STM32H7xx_DFP@4.1.3
                STMicroelectronics STM32H7 Series Device Support

<h2>Collection of Component include folders:</h2>
  ./RTE/_H7_Ctrl
  C:/Users/CHAMP/AppData/Local/Arm/Packs/ARM/CMSIS-DSP/1.17.0/Include
  C:/Users/CHAMP/AppData/Local/Arm/Packs/ARM/CMSIS-DSP/1.17.0/PrivateInclude
  C:/Users/CHAMP/AppData/Local/Arm/Packs/ARM/CMSIS/6.3.0/CMSIS/Core/Include

<h2>Collection of Component Files used:</h2>

   * Component: ARM::CMSIS:CORE@6.2.0
      Include file:  CMSIS/Core/Include/tz_context.h

   * Component: ARM::CMSIS:DSP&Source@1.17.0
      Source file:   Source/FilteringFunctions/FilteringFunctionsF16.c
      Source file:   Source/ControllerFunctions/ControllerFunctions.c
      Source file:   Source/StatisticsFunctions/StatisticsFunctions.c
      Source file:   Source/MatrixFunctions/MatrixFunctionsF16.c
      Source file:   Source/StatisticsFunctions/StatisticsFunctionsF16.c
      Source file:   Source/FastMathFunctions/FastMathFunctionsF16.c
      Source file:   Source/BasicMathFunctions/BasicMathFunctionsF16.c
      Source file:   Source/BayesFunctions/BayesFunctionsF16.c
      Source file:   Source/DistanceFunctions/DistanceFunctions.c
      Source file:   Source/TransformFunctions/TransformFunctions.c
      Source file:   Source/BasicMathFunctions/BasicMathFunctions.c
      Include file:  Include/arm_const_structs_f16.h
      Source file:   Source/CommonTables/CommonTablesF16.c
      Source file:   Source/TransformFunctions/TransformFunctionsF16.c
      Source file:   Source/QuaternionMathFunctions/QuaternionMathFunctions.c
      Source file:   Source/FastMathFunctions/FastMathFunctions.c
      Source file:   Source/SupportFunctions/SupportFunctionsF16.c
      Source file:   Source/FilteringFunctions/FilteringFunctions.c
      Source file:   Source/MatrixFunctions/MatrixFunctions.c
      Source file:   Source/InterpolationFunctions/InterpolationFunctionsF16.c
      Source file:   Source/DistanceFunctions/DistanceFunctionsF16.c
      Include file:  Include/arm_const_structs.h
      Source file:   Source/CommonTables/CommonTables.c
      Source file:   Source/SupportFunctions/SupportFunctions.c
      Source file:   Source/ComplexMathFunctions/ComplexMathFunctionsF16.c
      Source file:   Source/WindowFunctions/WindowFunctions.c
      Source file:   Source/ComplexMathFunctions/ComplexMathFunctions.c
      Source file:   Source/BayesFunctions/BayesFunctions.c
      Source file:   Source/SVMFunctions/SVMFunctions.c
      Source file:   Source/InterpolationFunctions/InterpolationFunctions.c
      Source file:   Source/SVMFunctions/SVMFunctionsF16.c
      Include file:  Include/arm_math_f16.h
      Include file:  Include/arm_math.h
      Include file:  Include/arm_common_tables.h
      Include file:  Include/arm_common_tables_f16.h
Build Time Elapsed:  00:00:50
</pre>
</body>
</html>
