Component: ARM Compiler 5.06 update 6 (build 750) Tool: armlink [4d35ed]

==============================================================================

Section Cross References

    startup_stm32h723xx.o(STACK) refers (Special) to heapauxi.o(.text) for __use_two_region_memory
    startup_stm32h723xx.o(HEAP) refers (Special) to heapauxi.o(.text) for __use_two_region_memory
    startup_stm32h723xx.o(RESET) refers (Special) to heapauxi.o(.text) for __use_two_region_memory
    startup_stm32h723xx.o(RESET) refers to startup_stm32h723xx.o(STACK) for __initial_sp
    startup_stm32h723xx.o(RESET) refers to startup_stm32h723xx.o(.text) for Reset_Handler
    startup_stm32h723xx.o(RESET) refers to stm32h7xx_it.o(i.NMI_Handler) for NMI_Handler
    startup_stm32h723xx.o(RESET) refers to stm32h7xx_it.o(i.HardFault_Handler) for HardFault_Handler
    startup_stm32h723xx.o(RESET) refers to stm32h7xx_it.o(i.MemManage_Handler) for MemManage_Handler
    startup_stm32h723xx.o(RESET) refers to stm32h7xx_it.o(i.BusFault_Handler) for BusFault_Handler
    startup_stm32h723xx.o(RESET) refers to stm32h7xx_it.o(i.UsageFault_Handler) for UsageFault_Handler
    startup_stm32h723xx.o(RESET) refers to port.o(.emb_text) for SVC_Handler
    startup_stm32h723xx.o(RESET) refers to stm32h7xx_it.o(i.DebugMon_Handler) for DebugMon_Handler
    startup_stm32h723xx.o(RESET) refers to port.o(i.SysTick_Handler) for SysTick_Handler
    startup_stm32h723xx.o(RESET) refers to stm32h7xx_it.o(i.DMA1_Stream2_IRQHandler) for DMA1_Stream2_IRQHandler
    startup_stm32h723xx.o(RESET) refers to stm32h7xx_it.o(i.DMA1_Stream3_IRQHandler) for DMA1_Stream3_IRQHandler
    startup_stm32h723xx.o(RESET) refers to stm32h7xx_it.o(i.DMA1_Stream4_IRQHandler) for DMA1_Stream4_IRQHandler
    startup_stm32h723xx.o(RESET) refers to stm32h7xx_it.o(i.DMA1_Stream5_IRQHandler) for DMA1_Stream5_IRQHandler
    startup_stm32h723xx.o(RESET) refers to stm32h7xx_it.o(i.FDCAN1_IT0_IRQHandler) for FDCAN1_IT0_IRQHandler
    startup_stm32h723xx.o(RESET) refers to stm32h7xx_it.o(i.FDCAN2_IT0_IRQHandler) for FDCAN2_IT0_IRQHandler
    startup_stm32h723xx.o(RESET) refers to stm32h7xx_it.o(i.FDCAN1_IT1_IRQHandler) for FDCAN1_IT1_IRQHandler
    startup_stm32h723xx.o(RESET) refers to stm32h7xx_it.o(i.FDCAN2_IT1_IRQHandler) for FDCAN2_IT1_IRQHandler
    startup_stm32h723xx.o(RESET) refers to stm32h7xx_it.o(i.TIM2_IRQHandler) for TIM2_IRQHandler
    startup_stm32h723xx.o(RESET) refers to stm32h7xx_it.o(i.USART1_IRQHandler) for USART1_IRQHandler
    startup_stm32h723xx.o(RESET) refers to stm32h7xx_it.o(i.USART2_IRQHandler) for USART2_IRQHandler
    startup_stm32h723xx.o(RESET) refers to stm32h7xx_it.o(i.UART5_IRQHandler) for UART5_IRQHandler
    startup_stm32h723xx.o(RESET) refers to stm32h7xx_it.o(i.DMA2_Stream0_IRQHandler) for DMA2_Stream0_IRQHandler
    startup_stm32h723xx.o(RESET) refers to stm32h7xx_it.o(i.DMA2_Stream1_IRQHandler) for DMA2_Stream1_IRQHandler
    startup_stm32h723xx.o(RESET) refers to stm32h7xx_it.o(i.DMA2_Stream7_IRQHandler) for DMA2_Stream7_IRQHandler
    startup_stm32h723xx.o(RESET) refers to stm32h7xx_it.o(i.FDCAN3_IT0_IRQHandler) for FDCAN3_IT0_IRQHandler
    startup_stm32h723xx.o(RESET) refers to stm32h7xx_it.o(i.FDCAN3_IT1_IRQHandler) for FDCAN3_IT1_IRQHandler
    startup_stm32h723xx.o(.text) refers (Special) to heapauxi.o(.text) for __use_two_region_memory
    startup_stm32h723xx.o(.text) refers to system_stm32h7xx.o(i.ExitRun0Mode) for ExitRun0Mode
    startup_stm32h723xx.o(.text) refers to system_stm32h7xx.o(i.SystemInit) for SystemInit
    startup_stm32h723xx.o(.text) refers to __main.o(!!!main) for __main
    startup_stm32h723xx.o(.text) refers to startup_stm32h723xx.o(HEAP) for Heap_Mem
    startup_stm32h723xx.o(.text) refers to startup_stm32h723xx.o(STACK) for Stack_Mem
    main.o(i.HAL_TIM_PeriodElapsedCallback) refers to stm32h7xx_hal.o(i.HAL_IncTick) for HAL_IncTick
    main.o(i.SystemClock_Config) refers to rt_memclr_w.o(.text) for __aeabi_memclr4
    main.o(i.SystemClock_Config) refers to stm32h7xx_hal_pwr_ex.o(i.HAL_PWREx_ConfigSupply) for HAL_PWREx_ConfigSupply
    main.o(i.SystemClock_Config) refers to stm32h7xx_hal_rcc.o(i.HAL_RCC_OscConfig) for HAL_RCC_OscConfig
    main.o(i.SystemClock_Config) refers to main.o(i.Error_Handler) for Error_Handler
    main.o(i.SystemClock_Config) refers to stm32h7xx_hal_rcc.o(i.HAL_RCC_ClockConfig) for HAL_RCC_ClockConfig
    main.o(i.main) refers to stm32h7xx_hal.o(i.HAL_Init) for HAL_Init
    main.o(i.main) refers to main.o(i.SystemClock_Config) for SystemClock_Config
    main.o(i.main) refers to gpio.o(i.MX_GPIO_Init) for MX_GPIO_Init
    main.o(i.main) refers to dma.o(i.MX_DMA_Init) for MX_DMA_Init
    main.o(i.main) refers to usart.o(i.MX_UART5_Init) for MX_UART5_Init
    main.o(i.main) refers to spi.o(i.MX_SPI2_Init) for MX_SPI2_Init
    main.o(i.main) refers to fdcan.o(i.MX_FDCAN1_Init) for MX_FDCAN1_Init
    main.o(i.main) refers to fdcan.o(i.MX_FDCAN2_Init) for MX_FDCAN2_Init
[...]
    vaEstimateKF_Q                           0x2400064c   Data          16  observe_task.o(.data)
    vaEstimateKF_R                           0x2400065c   Data          16  observe_task.o(.data)
    vel_acc                                  0x2400066c   Data           8  observe_task.o(.data)
    kalman_body_speed                        0x24000674   Data           4  observe_task.o(.data)
    accel_speed                              0x24000678   Data           4  observe_task.o(.data)
    iii                                      0x2400067c   Data           4  observe_task.o(.data)
    Remoter_disconnected_times               0x24000680   Data           4  remoter.o(.data)
    Error_state                              0x24000684   Data           1  remoter.o(.data)
    a                                        0x24000688   Data           4  remoter.o(.data)
    System_State                             0x2400068c   Data           1  state.o(.data)
    System_Last_State                        0x2400068d   Data           1  state.o(.data)
    State_changed                            0x2400068e   Data           1  state.o(.data)
    adc                                      0x24000690   Data           4  state.o(.data)
    bat_voltage                              0x24000694   Data           4  state.o(.data)
    can_send_error                           0x24000698   Data           2  user_can.o(.data)
    can_receive_error                        0x2400069a   Data           2  user_can.o(.data)
    rx_data                                  0x2400069c   Data           8  user_can.o(.data)
    touqer                                   0x240006a4   Data           4  user_can.o(.data)
    alpha_d_phi0                             0x240006a8   Data           4  vmc.o(.data)
    alpha_phi0                               0x240006ac   Data           4  vmc.o(.data)
    HZ                                       0x240006b0   Data           4  leg_control.o(.data)
    s_l0_stuck_counter                       0x240006b4   Data           8  leg_control.o(.data)
    s_turn_stuck_counter                     0x240006bc   Data           8  leg_control.o(.data)
    s_pid_inited                             0x240006c4   Data           2  leg_control.o(.data)
    s_ramped_torque                          0x240006c8   Data           8  leg_control.o(.data)
    s_ramped_F0                              0x240006d0   Data           8  leg_control.o(.data)
    SR_test_state                            0x240006d8   Data           4  self_righting.o(.data)
    g_self_righting_stage                    0x240006dc   Data           1  self_righting.o(.data)
    g_self_righting_enable                   0x240006dd   Data           1  self_righting.o(.data)
    g_self_righting_sync_from_stuck          0x240006de   Data           1  self_righting.o(.data)
    turn_stuck_l                             0x240006e0   Data           4  self_righting.o(.data)
    turn_stuck_r                             0x240006e4   Data           4  self_righting.o(.data)
    l0_reached_l                             0x240006e8   Data           4  self_righting.o(.data)
    l0_reached_r                             0x240006ec   Data           4  self_righting.o(.data)
    aligned                                  0x240006f0   Data           4  self_righting.o(.data)
    g_sr_target_l0                           0x240006f4   Data           4  self_righting.o(.data)
    g_sr_l0_reached_tol                      0x240006f8   Data           4  self_righting.o(.data)
    g_sr_l0_ctrl_ramp_rate                   0x240006fc   Data           4  self_righting.o(.data)
    g_sr_l0_ctrl_f0_max                      0x24000700   Data           4  self_righting.o(.data)
    g_sr_l0_stuck_thresh                     0x24000704   Data           4  self_righting.o(.data)
    g_sr_extend_unstuck_speed_l              0x24000708   Data           4  self_righting.o(.data)
    g_sr_extend_unstuck_speed_r              0x2400070c   Data           4  self_righting.o(.data)
    g_sr_extend_unstuck_torque_max           0x24000710   Data           4  self_righting.o(.data)
    g_sr_extend_unstuck_torque_ramp          0x24000714   Data           4  self_righting.o(.data)
    g_sr_reverse_speed_l                     0x24000718   Data           4  self_righting.o(.data)
    g_sr_reverse_speed_r                     0x2400071c   Data           4  self_righting.o(.data)
    g_sr_reverse_torque_max                  0x24000720   Data           4  self_righting.o(.data)
    g_sr_reverse_torque_ramp                 0x24000724   Data           4  self_righting.o(.data)
    g_sr_turn_stuck_thresh                   0x24000728   Data           4  self_righting.o(.data)
    g_sr_align_tol                           0x2400072c   Data           4  self_righting.o(.data)
    g_sr_target_angle_l                      0x24000730   Data           4  self_righting.o(.data)
    g_sr_target_angle_r                      0x24000734   Data           4  self_righting.o(.data)
    g_sr_target_angle_tol                    0x24000738   Data           4  self_righting.o(.data)
    g_sr_sync_speed                          0x2400073c   Data           4  self_righting.o(.data)
    g_sr_sync_fast_speed                     0x24000740   Data           4  self_righting.o(.data)
    g_sr_sync_slow_speed                     0x24000744   Data           4  self_righting.o(.data)
    g_sr_sync_torque_max                     0x24000748   Data           4  self_righting.o(.data)
    g_sr_sync_torque_ramp                    0x2400074c   Data           4  self_righting.o(.data)
    g_sr_cmd_f_l                             0x24000750   Data           4  self_righting.o(.data)
    g_sr_cmd_t_l                             0x24000754   Data           4  self_righting.o(.data)
    g_sr_cmd_f_r                             0x24000758   Data           4  self_righting.o(.data)
    g_sr_cmd_t_r                             0x2400075c   Data           4  self_righting.o(.data)
    left_phi0_0_to_4PI                       0x24000760   Data           4  self_righting.o(.data)
    right_phi0_0_to_4PI                      0x24000764   Data           4  self_righting.o(.data)
    cmd_spd_l                                0x24000768   Data           4  self_righting.o(.data)
    cmd_spd_r                                0x2400076c   Data           4  self_righting.o(.data)
    rem_l                                    0x24000770   Data           4  self_righting.o(.data)
    rem_r                                    0x24000774   Data           4  self_righting.o(.data)
    f_l                                      0x24000778   Data           4  self_righting.o(.data)
    f_r                                      0x2400077c   Data           4  self_righting.o(.data)
    t_l                                      0x24000780   Data           4  self_righting.o(.data)
    t_r                                      0x24000784   Data           4  self_righting.o(.data)
    l0_err_l                                 0x24000788   Data           4  self_righting.o(.data)
    l0_err_r                                 0x2400078c   Data           4  self_righting.o(.data)
    l0_stuck_l                               0x24000790   Data           4  self_righting.o(.data)
    l0_stuck_r                               0x24000794   Data           4  self_righting.o(.data)
    phi_diff                                 0x24000798   Data           4  self_righting.o(.data)
    wheel_kp                                 0x2400079c   Data           4  self_righting.o(.data)
    wheel_ki                                 0x240007a0   Data           4  self_righting.o(.data)
    wheel_kd                                 0x240007a4   Data           4  self_righting.o(.data)
    wheel_out_limit                          0x240007a8   Data           4  self_righting.o(.data)
    wheel_i_limit                            0x240007ac   Data           4  self_righting.o(.data)
    wheel_Integraldead_zone                  0x240007b0   Data           4  self_righting.o(.data)
    wheel_deadzone                           0x240007b4   Data           4  self_righting.o(.data)
    anti_split_kp                            0x240007b8   Data           4  self_righting.o(.data)
    anti_split_ki                            0x240007bc   Data           4  self_righting.o(.data)
    anti_split_kd                            0x240007c0   Data           4  self_righting.o(.data)
    anti_split_out_limit                     0x240007c4   Data           4  self_righting.o(.data)
    anti_split_i_limit                       0x240007c8   Data           4  self_righting.o(.data)
    anti_split_Integraldead_zone             0x240007cc   Data           4  self_righting.o(.data)
    anti_split_deadzone                      0x240007d0   Data           4  self_righting.o(.data)
    reached_ang_l                            0x240007d4   Data           4  self_righting.o(.data)
    reached_ang_r                            0x240007d8   Data           4  self_righting.o(.data)
    user_a                                   0x240007dc   Data           4  self_righting.o(.data)
    user_b                                   0x240007e0   Data           4  self_righting.o(.data)
    user_c                                   0x240007e4   Data           4  self_righting.o(.data)
    user_d                                   0x240007e8   Data           4  self_righting.o(.data)
    BMI088_ACCEL_SEN                         0x240007ec   Data           4  bmi088driver.o(.data)
    BMI088_GYRO_SEN                          0x240007f0   Data           4  bmi088driver.o(.data)
    Temperature_PID_Para                     0x24000818   Data          12  imu_temp_ctrl.o(.data)
    temp                                     0x24000824   Data           4  imu_temp_ctrl.o(.data)
    RefTemp                                  0x24000828   Data           4  imu_temp_ctrl.o(.data)
    roll                                     0x2400082c   Data           4  imu_temp_ctrl.o(.data)
    pitch                                    0x24000830   Data           4  imu_temp_ctrl.o(.data)
    yaw                                      0x24000834   Data           4  imu_temp_ctrl.o(.data)
    attitude_flag                            0x24000838   Data           1  imu_temp_ctrl.o(.data)
    correct_times                            0x2400083c   Data           4  imu_temp_ctrl.o(.data)
    temp_temperature                         0x24000840   Data           4  imu_temp_ctrl.o(.data)
    sizeof_float                             0x2400084c   Data           2  kalman_filter.o(.data)
    sizeof_double                            0x2400084e   Data           2  kalman_filter.o(.data)
    twoKi                                    0x24000850   Data           4  mahonyahrs.o(.data)
    q0                                       0x24000854   Data           4  mahonyahrs.o(.data)
    q1                                       0x24000858   Data           4  mahonyahrs.o(.data)
    q2                                       0x2400085c   Data           4  mahonyahrs.o(.data)
    q3                                       0x24000860   Data           4  mahonyahrs.o(.data)
    integralFBx                              0x24000864   Data           4  mahonyahrs.o(.data)
    integralFBy                              0x24000868   Data           4  mahonyahrs.o(.data)
    integralFBz                              0x2400086c   Data           4  mahonyahrs.o(.data)
    invSampleFreq                            0x24000870   Data           4  mahonyahrs.o(.data)
    roll_mahony                              0x24000874   Data           4  mahonyahrs.o(.data)
    pitch_mahony                             0x24000878   Data           4  mahonyahrs.o(.data)
    yaw_mahony                               0x2400087c   Data           4  mahonyahrs.o(.data)
    anglesComputed                           0x24000880   Data           1  mahonyahrs.o(.data)
    IMU_QuaternionEKF_P                      0x24000884   Data         144  quaternionekf.o(.data)
    GameResult                               0x24000914   Data           1  judge.o(.data)
    EventData                                0x24000915   Data           4  judge.o(.data)
    RefereeWarning                           0x24000919   Data           3  judge.o(.data)
    DartRemainingTime                        0x2400091c   Data           3  judge.o(.data)
    BuffMusk                                 0x2400091f   Data           7  judge.o(.data)
    RobotHurt                                0x24000926   Data           1  judge.o(.data)
    ShootData                                0x24000927   Data           7  judge.o(.data)
    BulletRemaining                          0x2400092e   Data           6  judge.o(.data)
    RfidStatus                               0x24000934   Data           4  judge.o(.data)
    DartClientCmd                            0x24000938   Data           6  judge.o(.data)
    FrameHeader                              0x2400093e   Data           5  judge.o(.data)
    Judge_Data_TF                            0x24000943   Data           1  judge.o(.data)
    shootNum                                 0x24000944   Data           2  judge.o(.data)
    rs485_isvalid                            0x24000948   Data           1  board2board.o(.data)
    total_turnPower                          0x2400094c   Data           4  board2board.o(.data)
    cap_fastMode                             0x24000950   Data           1  board2board.o(.data)
    diagonal_enable                          0x24000951   Data           1  board2board.o(.data)
    trigger_block                            0x24000952   Data           1  board2board.o(.data)
    shootnum                                 0x24000954   Data           4  board2board.o(.data)
    trigger_reverse                          0x24000958   Data           1  board2board.o(.data)
    STOPFLAG                                 0x24000959   Data           1  board2board.o(.data)
    FEEDBACK                                 0x2400095a   Data           1  board2board.o(.data)
    fricMotor_left_speed                     0x2400095c   Data           2  board2board.o(.data)
    chassis_rotate_mode                      0x2400095e   Data           1  board2board.o(.data)
    chassis_rotate_angle                     0x24000960   Data           2  board2board.o(.data)
    vision_mode                              0x24000962   Data           1  board2board.o(.data)
    visionFindcheck                          0x24000963   Data           1  board2board.o(.data)
    visionX                                  0x24000964   Data           2  board2board.o(.data)
    visionY                                  0x24000966   Data           2  board2board.o(.data)
    vision_exposure                          0x24000968   Data           1  board2board.o(.data)
    vision_rune_dirt                         0x24000969   Data           1  board2board.o(.data)
    speed_limit1                             0x2400096a   Data           2  board2board.o(.data)
    v_dis                                    0x2400096c   Data           4  board2board.o(.data)
    rs485_cnt                                0x24000970   Data           4  board2board.o(.data)
    UP_Leg                                   0x24000974   Data           1  board2board.o(.data)
    receive_times                            0x24000978   Data           4  board2board.o(.data)
    Foot_Target_Relative_Angle               0x2400097c   Data           4  board2board.o(.data)
    upstairs_flag                            0x24000980   Data           1  board2board.o(.data)
    B2B_offline_cnt                          0x24000982   Data           2  board2board.o(.data)
    pre_B2B_offline_cnt                      0x24000984   Data           2  board2board.o(.data)
    B2B_time_cnt                             0x24000986   Data           1  board2board.o(.data)
    B2B_offline_flag                         0x24000987   Data           1  board2board.o(.data)
    times                                    0x24000988   Data           4  board2board.o(.data)
    IMUBuffer                                0x2400098c   Data       16384  freertos.o(.bss)
    IMUControlBlock                          0x2400498c   Data          84  freertos.o(.bss)
    ObserveBuffer                            0x240049e0   Data        8192  freertos.o(.bss)
    ObserveControlBlock                      0x240069e0   Data          84  freertos.o(.bss)
    hadc1                                    0x24006c88   Data         112  adc.o(.bss)
    hfdcan1                                  0x24006cf8   Data         160  fdcan.o(.bss)
    hfdcan2                                  0x24006d98   Data         160  fdcan.o(.bss)
    hfdcan3                                  0x24006e38   Data         160  fdcan.o(.bss)
    hspi2                                    0x24006ed8   Data         136  spi.o(.bss)
    htim3                                    0x24006f60   Data          76  tim.o(.bss)
    htim12                                   0x24006fac   Data          76  tim.o(.bss)
    hdma_tim3_ch2                            0x24006ff8   Data         120  tim.o(.bss)
    huart5                                   0x24007070   Data         148  usart.o(.bss)
    huart1                                   0x24007104   Data         148  usart.o(.bss)
    huart2                                   0x24007198   Data         148  usart.o(.bss)
    hdma_uart5_rx                            0x2400722c   Data         120  usart.o(.bss)
    hdma_uart5_tx                            0x240072a4   Data         120  usart.o(.bss)
    hdma_usart1_rx                           0x2400731c   Data         120  usart.o(.bss)
    hdma_usart1_tx                           0x24007394   Data         120  usart.o(.bss)
    hdma_usart2_rx                           0x2400740c   Data         120  usart.o(.bss)
    hdma_usart2_tx                           0x24007484   Data         120  usart.o(.bss)
    htim2                                    0x240074fc   Data          76  stm32h7xx_hal_timebase_tim.o(.bss)
    Rx_Data                                  0x2400b238   Data         100  error.o(.bss)
    WS2812_1_RGB_Buff                        0x2400b29c   Data         158  led.o(.bss)
    L_DM8009                                 0x2400b33c   Data          88  motor.o(.bss)
    R_DM8009                                 0x2400b394   Data          88  motor.o(.bss)
    Yaw_DM4310                               0x2400b3ec   Data          44  motor.o(.bss)
    Shooter_DM2325                           0x2400b418   Data          44  motor.o(.bss)
    L_LK9025                                 0x2400b444   Data          40  motor.o(.bss)
    R_LK9025                                 0x2400b46c   Data          40  motor.o(.bss)
    Foot_Chassis                             0x2400b494   Data          28  motor.o(.bss)
    L_Leg_L0_PID                             0x2400b4b0   Data          44  motor.o(.bss)
    R_Leg_L0_PID                             0x2400b4dc   Data          44  motor.o(.bss)
    L_Leg_L0_POS_PID                         0x2400b508   Data          44  motor.o(.bss)
    R_Leg_L0_POS_PID                         0x2400b534   Data          44  motor.o(.bss)
    L_Leg_L0_SPD_PID                         0x2400b560   Data          44  motor.o(.bss)
    R_Leg_L0_SPD_PID                         0x2400b58c   Data          44  motor.o(.bss)
    spinning_pid                             0x2400b5b8   Data          44  motor.o(.bss)
    spinning_speed_pid                       0x2400b5e4   Data          44  motor.o(.bss)
    Roll_Comp_PID                            0x2400b610   Data          44  motor.o(.bss)
    Leg_Phi0_PID                             0x2400b63c   Data          44  motor.o(.bss)
    gimbal_pitch_pid                         0x2400b668   Data          44  motor.o(.bss)
    gimbal_yaw_torque_pid                    0x2400b694   Data          44  motor.o(.bss)
    gimbal_yaw_speed_pid                     0x2400b6c0   Data          44  motor.o(.bss)
    L_Leg_Middle_PID                         0x2400b6ec   Data          44  motor.o(.bss)
    R_Leg_Middle_PID                         0x2400b718   Data          44  motor.o(.bss)
    L_Leg_dphi0_PID                          0x2400b744   Data          44  motor.o(.bss)
    R_Leg_dphi0_PID                          0x2400b770   Data          44  motor.o(.bss)
    Target_Speed_Ramp                        0x2400b79c   Data          16  motor.o(.bss)
    vaEstimateKF                             0x2400b7ac   Data         320  observe_task.o(.bss)
    vaEstimateKF_K                           0x2400b8ec   Data          16  observe_task.o(.bss)
    SBUS_CH                                  0x2400b8fc   Data          38  remoter.o(.bss)
    rx_header                                0x2400b924   Data          40  user_can.o(.bss)
    VMC_L                                    0x2400b94c   Data         152  vmc.o(.bss)
    VMC_R                                    0x2400b9e4   Data         152  vmc.o(.bss)
    speed_PID                                0x2400ba7c   Data          88  leg_control.o(.bss)
    L0_PID                                   0x2400bad4   Data          88  leg_control.o(.bss)
    wheel_PID_l                              0x2400bb2c   Data          44  self_righting.o(.bss)
    wheel_PID_r                              0x2400bb58   Data          44  self_righting.o(.bss)
    anti_split_PID                           0x2400bb84   Data          44  self_righting.o(.bss)
    Temperature_PID                          0x2400bbb0   Data          72  imu_temp_ctrl.o(.bss)
    gyro                                     0x2400bbf8   Data          12  imu_temp_ctrl.o(.bss)
    accel                                    0x2400bc04   Data          12  imu_temp_ctrl.o(.bss)
    gyro_correct                             0x2400bc10   Data          12  imu_temp_ctrl.o(.bss)
    accel_b                                  0x2400bc1c   Data          12  imu_temp_ctrl.o(.bss)
    QEKF_INS                                 0x2400bc28   Data         504  quaternionekf.o(.bss)
    IMU_QuaternionEKF_K                      0x2400be20   Data          72  quaternionekf.o(.bss)
    IMU_QuaternionEKF_H                      0x2400be68   Data          72  quaternionekf.o(.bss)
    detectList                               0x2400beb0   Data         200  detect.o(.bss)
    GameState                                0x2400bf78   Data          11  judge.o(.bss)
    GameRobotHP                              0x2400bf83   Data          32  judge.o(.bss)
    GameRobotStat                            0x2400bfa3   Data          13  judge.o(.bss)
    PowerHeatData                            0x2400bfb0   Data          16  judge.o(.bss)
    GameRobotPos                             0x2400bfc0   Data          12  judge.o(.bss)
    RemoteControl                            0x2400bfcc   Data          12  judge.o(.bss)
    judgeQueue                               0x2400bfd8   Data          20  judge.o(.bss)
    judgeQueueBuf                            0x2400bfec   Data        1650  judge.o(.bss)
    usart1RxBuf                              0x2400c65e   Data        1536  judge.o(.bss)
    usart2RxBuf                              0x2400cc5e   Data         256  board2board.o(.bss)
    txbuffer                                 0x2400cd5e   Data          64  board2board.o(.bss)
    __libspace_start                         0x2400cda0   Data          96  libspace.o(.bss)
    __temporary_stack_top$libspace           0x2400ce00   Data           0  libspace.o(.bss)



==============================================================================

Memory Map of the image

  Image Entry point : 0x080002cd

  Load Region LR_IROM1 (Base: 0x08000000, Size: 0x000176e0, Max: 0x00100000, ABSOLUTE, COMPRESSED[0x000171fc])

    Execution Region ER_IROM1 (Exec base: 0x08000000, Load base: 0x08000000, Size: 0x00016d54, Max: 0x00100000, ABSOLUTE)

    Exec Addr    Load Addr    Size         Type   Attr      Idx    E Section Name        Object

    0x08000000   0x08000000   0x000002cc   Data   RO            3    RESET               startup_stm32h723xx.o
    0x080002cc   0x080002cc   0x00000008   Code   RO        17921  * !!!main             c_w.l(__main.o)
    0x080002d4   0x080002d4   0x00000034   Code   RO        18398    !!!scatter          c_w.l(__scatter.o)
    0x08000308   0x08000308   0x00000064   Code   RO        18396    !!dclz77c           c_w.l(__dclz77c.o)
    0x0800036c   0x0800036c   0x0000001c   Code   RO        18400    !!handler_zi        c_w.l(__scatter_zi.o)
    0x08000388   0x08000388   0x00000002   Code   RO        18341    .ARM.Collect$$libinit$$00000000  c_w.l(libinit.o)
    0x0800038a   0x0800038a   0x00000004   Code   RO        18141    .ARM.Collect$$libinit$$00000001  c_w.l(libinit2.o)
    0x0800038e   0x0800038e   0x00000000   Code   RO        18144    .ARM.Collect$$libinit$$00000004  c_w.l(libinit2.o)
    0x0800038e   0x0800038e   0x00000000   Code   RO        18147    .ARM.Collect$$libinit$$0000000A  c_w.l(libinit2.o)
    0x0800038e   0x0800038e   0x00000000   Code   RO        18149    .ARM.Collect$$libinit$$0000000C  c_w.l(libinit2.o)
    0x0800038e   0x0800038e   0x00000000   Code   RO        18151    .ARM.Collect$$libinit$$0000000E  c_w.l(libinit2.o)
    0x0800038e   0x0800038e   0x00000000   Code   RO        18154    .ARM.Collect$$libinit$$00000011  c_w.l(libinit2.o)
    0x0800038e   0x0800038e   0x00000000   Code   RO        18156    .ARM.Collect$$libinit$$00000013  c_w.l(libinit2.o)
    0x0800038e   0x0800038e   0x00000000   Code   RO        18158    .ARM.Collect$$libinit$$00000015  c_w.l(libinit2.o)
    0x0800038e   0x0800038e   0x00000000   Code   RO        18160    .ARM.Collect$$libinit$$00000017  c_w.l(libinit2.o)
    0x0800038e   0x0800038e   0x00000000   Code   RO        18162    .ARM.Collect$$libinit$$00000019  c_w.l(libinit2.o)
    0x0800038e   0x0800038e   0x00000000   Code   RO        18164    .ARM.Collect$$libinit$$0000001B  c_w.l(libinit2.o)
    0x0800038e   0x0800038e   0x00000000   Code   RO        18166    .ARM.Collect$$libinit$$0000001D  c_w.l(libinit2.o)
    0x0800038e   0x0800038e   0x00000000   Code   RO        18168    .ARM.Collect$$libinit$$0000001F  c_w.l(libinit2.o)
    0x0800038e   0x0800038e   0x00000000   Code   RO        18170    .ARM.Collect$$libinit$$00000021  c_w.l(libinit2.o)
    0x0800038e   0x0800038e   0x00000000   Code   RO        18172    .ARM.Collect$$libinit$$00000023  c_w.l(libinit2.o)
    0x0800038e   0x0800038e   0x00000000   Code   RO        18174    .ARM.Collect$$libinit$$00000025  c_w.l(libinit2.o)
    0x0800038e   0x0800038e   0x00000000   Code   RO        18178    .ARM.Collect$$libinit$$0000002C  c_w.l(libinit2.o)
    0x0800038e   0x0800038e   0x00000000   Code   RO        18180    .ARM.Collect$$libinit$$0000002E  c_w.l(libinit2.o)
    0x0800038e   0x0800038e   0x00000000   Code   RO        18182    .ARM.Collect$$libinit$$00000030  c_w.l(libinit2.o)
    0x0800038e   0x0800038e   0x00000000   Code   RO        18184    .ARM.Collect$$libinit$$00000032  c_w.l(libinit2.o)
    0x0800038e   0x0800038e   0x00000002   Code   RO        18185    .ARM.Collect$$libinit$$00000033  c_w.l(libinit2.o)
    0x08000390   0x08000390   0x00000002   Code   RO        18393    .ARM.Collect$$libshutdown$$00000000  c_w.l(libshutdown.o)
    0x08000392   0x08000392   0x00000000   Code   RO        18355    .ARM.Collect$$libshutdown$$00000002  c_w.l(libshutdown2.o)
    0x08000392   0x08000392   0x00000000   Code   RO        18357    .ARM.Collect$$libshutdown$$00000004  c_w.l(libshutdown2.o)
    0x08000392   0x08000392   0x00000000   Code   RO        18360    .ARM.Collect$$libshutdown$$00000007  c_w.l(libshutdown2.o)
    0x08000392   0x08000392   0x00000000   Code   RO        18363    .ARM.Collect$$libshutdown$$0000000A  c_w.l(libshutdown2.o)
    0x08000392   0x08000392   0x00000000   Code   RO        18365    .ARM.Collect$$libshutdown$$0000000C  c_w.l(libshutdown2.o)
    0x08000392   0x08000392   0x00000000   Code   RO        18368    .ARM.Collect$$libshutdown$$0000000F  c_w.l(libshutdown2.o)
    0x08000392   0x08000392   0x00000002   Code   RO        18369    .ARM.Collect$$libshutdown$$00000010  c_w.l(libshutdown2.o)
    0x08000394   0x08000394   0x00000000   Code   RO        18103    .ARM.Collect$$rtentry$$00000000  c_w.l(__rtentry.o)
    0x08000394   0x08000394   0x00000000   Code   RO        18259    .ARM.Collect$$rtentry$$00000002  c_w.l(__rtentry2.o)
    0x08000394   0x08000394   0x00000006   Code   RO        18271    .ARM.Collect$$rtentry$$00000004  c_w.l(__rtentry4.o)
    0x0800039a   0x0800039a   0x00000000   Code   RO        18261    .ARM.Collect$$rtentry$$00000009  c_w.l(__rtentry2.o)
    0x0800039a   0x0800039a   0x00000004   Code   RO        18262    .ARM.Collect$$rtentry$$0000000A  c_w.l(__rtentry2.o)
    0x0800039e   0x0800039e   0x00000000   Code   RO        18264    .ARM.Collect$$rtentry$$0000000C  c_w.l(__rtentry2.o)
    0x0800039e   0x0800039e   0x00000008   Code   RO        18265    .ARM.Collect$$rtentry$$0000000D  c_w.l(__rtentry2.o)
    0x080003a6   0x080003a6   0x00000002   Code   RO        18342    .ARM.Collect$$rtexit$$00000000  c_w.l(rtexit.o)
    0x080003a8   0x080003a8   0x00000000   Code   RO        18371    .ARM.Collect$$rtexit$$00000002  c_w.l(rtexit2.o)
    0x080003a8   0x080003a8   0x00000004   Code   RO        18372    .ARM.Collect$$rtexit$$00000003  c_w.l(rtexit2.o)
    0x080003ac   0x080003ac   0x00000006   Code   RO        18373    .ARM.Collect$$rtexit$$00000004  c_w.l(rtexit2.o)
    0x080003b2   0x080003b2   0x00000002   PAD
    0x080003b4   0x080003b4   0x000000be   Code   RO         7779    .emb_text           port.o
    0x08000472   0x08000472   0x00000002   PAD
    0x08000474   0x08000474   0x00000048   Code   RO            4    .text               startup_stm32h723xx.o
    0x080004bc   0x080004bc   0x000000ee   Code   RO        17891    .text               c_w.l(lludivv7m.o)
    0x080005aa   0x080005aa   0x00000064   Code   RO        17907    .text               c_w.l(rt_memcpy_w.o)
    0x0800060e   0x0800060e   0x00000044   Code   RO        17911    .text               c_w.l(rt_memclr.o)
    0x08000652   0x08000652   0x0000004e   Code   RO        17913    .text               c_w.l(rt_memclr_w.o)
    0x080006a0   0x080006a0   0x00000006   Code   RO        17919    .text               c_w.l(heapauxi.o)
    0x080006a6   0x080006a6   0x00000016   Code   RO        18133    .text               c_w.l(_rserrno.o)
    0x080006bc   0x080006bc   0x0000000c   Code   RO        18253    .text               c_w.l(sys_exit.o)
    0x080006c8   0x080006c8   0x00000008   Code   RO        18255    .text               c_w.l(libspace.o)
    0x080006d0   0x080006d0   0x00000008   Code   RO        18278    .text               c_w.l(rt_errno_addr_intlibspace.o)
    0x080006d8   0x080006d8   0x00000002   Code   RO        18311    .text               c_w.l(use_no_semi.o)
    0x080006da   0x080006da   0x00000000   Code   RO        18313    .text               c_w.l(indicate_semi.o)
    0x080006da   0x080006da   0x0000004a   Code   RO        18314    .text               c_w.l(sys_stackheap_outer.o)
    0x08000724   0x08000724   0x00000012   Code   RO        18320    .text               c_w.l(exit.o)
    0x08000736   0x08000736   0x00000002   PAD
    0x08000738   0x08000738   0x00000130   Code   RO         1937    i.ADC_ConfigureBoostMode  stm32h7xx_hal_adc.o
    0x08000868   0x08000868   0x0000011c   Code   RO         1938    i.ADC_ConversionStop  stm32h7xx_hal_adc.o
    0x08000984   0x08000984   0x00000094   Code   RO         1942    i.ADC_Disable       stm32h7xx_hal_adc.o
    0x08000a18   0x08000a18   0x000000cc   Code   RO         1943    i.ADC_Enable        stm32h7xx_hal_adc.o
    0x08000ae4   0x08000ae4   0x00000104   Code   RO        10937    i.B2B_Init          board2board.o
    0x08000be8   0x08000be8   0x00000400   Code   RO        10939    i.B2B_ParseUsart    board2board.o
    0x08000fe8   0x08000fe8   0x00000014   Code   RO         9046    i.BMI088_ACCEL_NS_H  bmi088middleware.o
    0x08000ffc   0x08000ffc   0x00000014   Code   RO         9047    i.BMI088_ACCEL_NS_L  bmi088middleware.o
    0x08001010   0x08001010   0x00000002   Code   RO         9048    i.BMI088_GPIO_init  bmi088middleware.o
    0x08001012   0x08001012   0x00000002   PAD
    0x08001014   0x08001014   0x00000014   Code   RO         9049    i.BMI088_GYRO_NS_H  bmi088middleware.o
    0x08001028   0x08001028   0x00000014   Code   RO         9050    i.BMI088_GYRO_NS_L  bmi088middleware.o
    0x0800103c   0x0800103c   0x00000002   Code   RO         9051    i.BMI088_com_init   bmi088middleware.o
    0x0800103e   0x0800103e   0x0000001a   Code   RO         9052    i.BMI088_delay_ms   bmi088middleware.o
    0x08001058   0x08001058   0x0000004a   Code   RO         9053    i.BMI088_delay_us   bmi088middleware.o
    0x080010a2   0x080010a2   0x0000001c   Code   RO         8977    i.BMI088_init       bmi088driver.o
    0x080010be   0x080010be   0x00000002   PAD
    0x080010c0   0x080010c0   0x0000017c   Code   RO         8978    i.BMI088_read       bmi088driver.o
    0x0800123c   0x0800123c   0x00000026   Code   RO         8979    i.BMI088_read_muli_reg  bmi088driver.o
    0x08001262   0x08001262   0x00000018   Code   RO         8980    i.BMI088_read_single_reg  bmi088driver.o
    0x0800127a   0x0800127a   0x00000002   PAD
    0x0800127c   0x0800127c   0x00000020   Code   RO         9054    i.BMI088_read_write_byte  bmi088middleware.o
    0x0800129c   0x0800129c   0x00000014   Code   RO         8981    i.BMI088_write_single_reg  bmi088driver.o
    0x080012b0   0x080012b0   0x00000164   Code   RO         8256    i.Body_Speed_Coculate  motor.o
    0x08001414   0x08001414   0x00000004   Code   RO          680    i.BusFault_Handler  stm32h7xx_it.o
    0x08001418   0x08001418   0x00000014   Code   RO         7859    i.Buzzer_High_do    buzzer.o
    0x0800142c   0x0800142c   0x00000014   Code   RO         7864    i.Buzzer_High_si    buzzer.o
    0x08001440   0x08001440   0x00000014   Code   RO         7866    i.Buzzer_do         buzzer.o
    0x08001454   0x08001454   0x00000014   Code   RO         7867    i.Buzzer_fa         buzzer.o
    0x08001468   0x08001468   0x00000018   Code   RO         7868    i.Buzzer_init       buzzer.o
    0x08001480   0x08001480   0x00000014   Code   RO         7869    i.Buzzer_la         buzzer.o
    0x08001494   0x08001494   0x000000c0   Code   RO         8742    i.CAN_Init          user_can.o
    0x08001554   0x08001554   0x00000040   Code   RO         8743    i.CAN_Send_DM_Motor_Data  user_can.o
    0x08001594   0x08001594   0x00000168   Code   RO         8744    i.CAN_Transmit      user_can.o
    0x080016fc   0x080016fc   0x0000006c   Code   RO         8257    i.DJI3508_Get_Data  motor.o
    0x08001768   0x08001768   0x000000b4   Code   RO         8258    i.DJI_Motor_Torque_Ctrl  motor.o
    0x0800181c   0x0800181c   0x000000aa   Code   RO         8259    i.DM8009_Get_Data   motor.o
    0x080018c6   0x080018c6   0x00000002   PAD
    0x080018c8   0x080018c8   0x00000010   Code   RO          681    i.DMA1_Stream2_IRQHandler  stm32h7xx_it.o
    0x080018d8   0x080018d8   0x00000010   Code   RO          682    i.DMA1_Stream3_IRQHandler  stm32h7xx_it.o
    0x080018e8   0x080018e8   0x00000010   Code   RO          683    i.DMA1_Stream4_IRQHandler  stm32h7xx_it.o
    0x080018f8   0x080018f8   0x00000010   Code   RO          684    i.DMA1_Stream5_IRQHandler  stm32h7xx_it.o
    0x08001908   0x08001908   0x00000010   Code   RO          685    i.DMA2_Stream0_IRQHandler  stm32h7xx_it.o
    0x08001918   0x08001918   0x00000010   Code   RO          686    i.DMA2_Stream1_IRQHandler  stm32h7xx_it.o
    0x08001928   0x08001928   0x00000010   Code   RO          687    i.DMA2_Stream7_IRQHandler  stm32h7xx_it.o
    0x08001938   0x08001938   0x000000ec   Code   RO         3193    i.DMA_CalcBaseAndBitshift  stm32h7xx_hal_dma.o
    0x08001a24   0x08001a24   0x000000c4   Code   RO         3194    i.DMA_CalcDMAMUXChannelBaseAndMask  stm32h7xx_hal_dma.o
    0x08001ae8   0x08001ae8   0x00000098   Code   RO         3195    i.DMA_CalcDMAMUXRequestGenBaseAndMask  stm32h7xx_hal_dma.o
    0x08001b80   0x08001b80   0x000000ae   Code   RO         3196    i.DMA_CheckFifoParam  stm32h7xx_hal_dma.o
    0x08001c2e   0x08001c2e   0x00000002   PAD
    0x08001c30   0x08001c30   0x00000274   Code   RO         3197    i.DMA_SetConfig     stm32h7xx_hal_dma.o
    0x08001ea4   0x08001ea4   0x00000010   Code   RO         8260    i.DM_Joint_Motor_Init  motor.o
    0x08001eb4   0x08001eb4   0x000000c6   Code   RO         8261    i.DM_Motor_MIT_Torque_ctrl  motor.o
    0x08001f7a   0x08001f7a   0x00000002   Code   RO          688    i.DebugMon_Handler  stm32h7xx_it.o
    0x08001f7c   0x08001f7c   0x0000001c   Code   RO         9923    i.Detect_Update     detect.o
    0x08001f98   0x08001f98   0x00000036   Code   RO         8264    i.Disable_DM_Motor  motor.o
    0x08001fce   0x08001fce   0x00000002   PAD
    0x08001fd0   0x08001fd0   0x0000006c   Code   RO         8266    i.Distance_Error_Set  motor.o
    0x0800203c   0x0800203c   0x0000015a   Code   RO         9624    i.EarthFrameToBodyFrame  quaternionekf.o
    0x08002196   0x08002196   0x00000036   Code   RO         8267    i.Enable_DM_Motor_MIT  motor.o
    0x080021cc   0x080021cc   0x00000006   Code   RO           13    i.Error_Handler     main.o
    0x080021d2   0x080021d2   0x00000002   PAD
    0x080021d4   0x080021d4   0x00000298   Code   RO         7992    i.Error_task        error.o
    0x0800246c   0x0800246c   0x00000024   Code   RO         6492    i.ExitRun0Mode      system_stm32h7xx.o
    0x08002490   0x08002490   0x00000010   Code   RO          689    i.FDCAN1_IT0_IRQHandler  stm32h7xx_it.o
    0x080024a0   0x080024a0   0x00000010   Code   RO          690    i.FDCAN1_IT1_IRQHandler  stm32h7xx_it.o
    0x080024b0   0x080024b0   0x00000010   Code   RO          691    i.FDCAN2_IT0_IRQHandler  stm32h7xx_it.o
    0x080024c0   0x080024c0   0x00000010   Code   RO          692    i.FDCAN2_IT1_IRQHandler  stm32h7xx_it.o
    0x080024d0   0x080024d0   0x00000010   Code   RO          693    i.FDCAN3_IT0_IRQHandler  stm32h7xx_it.o
    0x080024e0   0x080024e0   0x00000010   Code   RO          694    i.FDCAN3_IT1_IRQHandler  stm32h7xx_it.o
    0x080024f0   0x080024f0   0x00000220   Code   RO         4992    i.FDCAN_CalcultateRamBlockAddresses  stm32h7xx_hal_fdcan.o
    0x08002710   0x08002710   0x000000d0   Code   RO         4993    i.FDCAN_CopyMessageToRAM  stm32h7xx_hal_fdcan.o
    0x080027e0   0x080027e0   0x0000000c   Code   RO         9625    i.Get_Pitch         quaternionekf.o
    0x080027ec   0x080027ec   0x0000000c   Code   RO         9626    i.Get_Roll          quaternionekf.o
    0x080027f8   0x080027f8   0x0000000c   Code   RO         9627    i.Get_Yaw           quaternionekf.o
    0x08002804   0x08002804   0x00000164   Code   RO         2229    i.HAL_ADCEx_MultiModeConfigChannel  stm32h7xx_hal_adc_ex.o
    0x08002968   0x08002968   0x00000884   Code   RO         1945    i.HAL_ADC_ConfigChannel  stm32h7xx_hal_adc.o
    0x080031ec   0x080031ec   0x00000008   Code   RO         1952    i.HAL_ADC_GetValue  stm32h7xx_hal_adc.o
    0x080031f4   0x080031f4   0x00000340   Code   RO         1954    i.HAL_ADC_Init      stm32h7xx_hal_adc.o
    0x08003534   0x08003534   0x000000b4   Code   RO          392    i.HAL_ADC_MspInit   adc.o
    0x080035e8   0x080035e8   0x00000134   Code   RO         1960    i.HAL_ADC_Start     stm32h7xx_hal_adc.o
    0x0800371c   0x0800371c   0x0000004a   Code   RO         1963    i.HAL_ADC_Stop      stm32h7xx_hal_adc.o
    0x08003766   0x08003766   0x00000002   PAD
    0x08003768   0x08003768   0x000004dc   Code   RO         3198    i.HAL_DMA_Abort     stm32h7xx_hal_dma.o
    0x08003c44   0x08003c44   0x00000398   Code   RO         3199    i.HAL_DMA_Abort_IT  stm32h7xx_hal_dma.o
    0x08003fdc   0x08003fdc   0x00000af8   Code   RO         3203    i.HAL_DMA_IRQHandler  stm32h7xx_hal_dma.o
    0x08004ad4   0x08004ad4   0x00000514   Code   RO         3204    i.HAL_DMA_Init      stm32h7xx_hal_dma.o
    0x08004fe8   0x08004fe8   0x000003e0   Code   RO         3208    i.HAL_DMA_Start_IT  stm32h7xx_hal_dma.o
    0x080053c8   0x080053c8   0x00000028   Code   RO         4053    i.HAL_Delay         stm32h7xx_hal.o
    0x080053f0   0x080053f0   0x000000a8   Code   RO         4995    i.HAL_FDCAN_ActivateNotification  stm32h7xx_hal_fdcan.o
    0x08005498   0x08005498   0x00000090   Code   RO         4997    i.HAL_FDCAN_AddMessageToTxFifoQ  stm32h7xx_hal_fdcan.o
    0x08005528   0x08005528   0x00000002   Code   RO         4998    i.HAL_FDCAN_ClockCalibrationCallback  stm32h7xx_hal_fdcan.o
    0x0800552a   0x0800552a   0x0000006c   Code   RO         5001    i.HAL_FDCAN_ConfigFifoWatermark  stm32h7xx_hal_fdcan.o
    0x08005596   0x08005596   0x000000a8   Code   RO         5002    i.HAL_FDCAN_ConfigFilter  stm32h7xx_hal_fdcan.o
    0x0800563e   0x0800563e   0x00000034   Code   RO         5003    i.HAL_FDCAN_ConfigGlobalFilter  stm32h7xx_hal_fdcan.o
    0x08005672   0x08005672   0x00000002   Code   RO         5024    i.HAL_FDCAN_ErrorCallback  stm32h7xx_hal_fdcan.o
    0x08005674   0x08005674   0x00000002   Code   RO         5025    i.HAL_FDCAN_ErrorStatusCallback  stm32h7xx_hal_fdcan.o
    0x08005676   0x08005676   0x00000002   PAD
    0x08005678   0x08005678   0x000001f4   Code   RO         5036    i.HAL_FDCAN_GetRxMessage  stm32h7xx_hal_fdcan.o
    0x0800586c   0x0800586c   0x00000002   Code   RO         5042    i.HAL_FDCAN_HighPriorityMessageCallback  stm32h7xx_hal_fdcan.o
    0x0800586e   0x0800586e   0x00000002   PAD
    0x08005870   0x08005870   0x000003d4   Code   RO         5043    i.HAL_FDCAN_IRQHandler  stm32h7xx_hal_fdcan.o
    0x08005c44   0x08005c44   0x000002e0   Code   RO         5044    i.HAL_FDCAN_Init    stm32h7xx_hal_fdcan.o
    0x08005f24   0x08005f24   0x0000023c   Code   RO          458    i.HAL_FDCAN_MspInit  fdcan.o
    0x08006160   0x08006160   0x00000002   Code   RO         5053    i.HAL_FDCAN_RxBufferNewMessageCallback  stm32h7xx_hal_fdcan.o
    0x08006162   0x08006162   0x00000002   PAD
    0x08006164   0x08006164   0x000000f8   Code   RO         8745    i.HAL_FDCAN_RxFifo0Callback  user_can.o
    0x0800625c   0x0800625c   0x00000002   Code   RO         5055    i.HAL_FDCAN_RxFifo1Callback  stm32h7xx_hal_fdcan.o
    0x0800625e   0x0800625e   0x00000034   Code   RO         5056    i.HAL_FDCAN_Start   stm32h7xx_hal_fdcan.o
    0x08006292   0x08006292   0x00000002   Code   RO         5078    i.HAL_FDCAN_TT_GlobalTimeCallback  stm32h7xx_hal_fdcan.o
    0x08006294   0x08006294   0x00000002   Code   RO         5079    i.HAL_FDCAN_TT_ScheduleSyncCallback  stm32h7xx_hal_fdcan.o
    0x08006296   0x08006296   0x00000002   Code   RO         5084    i.HAL_FDCAN_TT_StopWatchCallback  stm32h7xx_hal_fdcan.o
    0x08006298   0x08006298   0x00000002   Code   RO         5085    i.HAL_FDCAN_TT_TimeMarkCallback  stm32h7xx_hal_fdcan.o
    0x0800629a   0x0800629a   0x00000002   Code   RO         5086    i.HAL_FDCAN_TimeoutOccurredCallback  stm32h7xx_hal_fdcan.o
    0x0800629c   0x0800629c   0x00000002   Code   RO         5087    i.HAL_FDCAN_TimestampWraparoundCallback  stm32h7xx_hal_fdcan.o
    0x0800629e   0x0800629e   0x00000002   Code   RO         5088    i.HAL_FDCAN_TxBufferAbortCallback  stm32h7xx_hal_fdcan.o
    0x080062a0   0x080062a0   0x00000002   Code   RO         5089    i.HAL_FDCAN_TxBufferCompleteCallback  stm32h7xx_hal_fdcan.o
    0x080062a2   0x080062a2   0x00000002   Code   RO         5090    i.HAL_FDCAN_TxEventFifoCallback  stm32h7xx_hal_fdcan.o
    0x080062a4   0x080062a4   0x00000002   Code   RO         5091    i.HAL_FDCAN_TxFifoEmptyCallback  stm32h7xx_hal_fdcan.o
    0x080062a6   0x080062a6   0x00000002   PAD
    0x080062a8   0x080062a8   0x000001f0   Code   RO         3046    i.HAL_GPIO_Init     stm32h7xx_hal_gpio.o
    0x08006498   0x08006498   0x0000000c   Code   RO         3050    i.HAL_GPIO_WritePin  stm32h7xx_hal_gpio.o
    0x080064a4   0x080064a4   0x0000000c   Code   RO         4069    i.HAL_GetTick       stm32h7xx_hal.o
    0x080064b0   0x080064b0   0x00000018   Code   RO         4075    i.HAL_IncTick       stm32h7xx_hal.o
    0x080064c8   0x080064c8   0x00000060   Code   RO         4076    i.HAL_Init          stm32h7xx_hal.o
    0x08006528   0x08006528   0x000000a0   Code   RO          868    i.HAL_InitTick      stm32h7xx_hal_timebase_tim.o
    0x080065c8   0x080065c8   0x00000030   Code   RO          844    i.HAL_MspInit       stm32h7xx_hal_msp.o
    0x080065f8   0x080065f8   0x00000028   Code   RO         3896    i.HAL_NVIC_EnableIRQ  stm32h7xx_hal_cortex.o
    0x08006620   0x08006620   0x0000007a   Code   RO         3902    i.HAL_NVIC_SetPriority  stm32h7xx_hal_cortex.o
    0x0800669a   0x0800669a   0x00000002   PAD
    0x0800669c   0x0800669c   0x00000028   Code   RO         3903    i.HAL_NVIC_SetPriorityGrouping  stm32h7xx_hal_cortex.o
    0x080066c4   0x080066c4   0x00000044   Code   RO         3904    i.HAL_NVIC_SystemReset  stm32h7xx_hal_cortex.o
    0x08006708   0x08006708   0x00000060   Code   RO         3647    i.HAL_PWREx_ConfigSupply  stm32h7xx_hal_pwr_ex.o
    0x08006768   0x08006768   0x00000024   Code   RO         2589    i.HAL_RCCEx_GetD3PCLK1Freq  stm32h7xx_hal_rcc_ex.o
    0x0800678c   0x0800678c   0x00000230   Code   RO         2590    i.HAL_RCCEx_GetPLL1ClockFreq  stm32h7xx_hal_rcc_ex.o
    0x080069bc   0x080069bc   0x00000230   Code   RO         2591    i.HAL_RCCEx_GetPLL2ClockFreq  stm32h7xx_hal_rcc_ex.o
    0x08006bec   0x08006bec   0x00000230   Code   RO         2592    i.HAL_RCCEx_GetPLL3ClockFreq  stm32h7xx_hal_rcc_ex.o
    0x08006e1c   0x08006e1c   0x000007ac   Code   RO         2594    i.HAL_RCCEx_GetPeriphCLKFreq  stm32h7xx_hal_rcc_ex.o
    0x080075c8   0x080075c8   0x00000cc8   Code   RO         2598    i.HAL_RCCEx_PeriphCLKConfig  stm32h7xx_hal_rcc_ex.o
    0x08008290   0x08008290   0x00000320   Code   RO         2474    i.HAL_RCC_ClockConfig  stm32h7xx_hal_rcc.o
    0x080085b0   0x080085b0   0x0000006c   Code   RO         2478    i.HAL_RCC_GetClockConfig  stm32h7xx_hal_rcc.o
    0x0800861c   0x0800861c   0x0000004c   Code   RO         2479    i.HAL_RCC_GetHCLKFreq  stm32h7xx_hal_rcc.o
    0x08008668   0x08008668   0x00000024   Code   RO         2481    i.HAL_RCC_GetPCLK1Freq  stm32h7xx_hal_rcc.o
    0x0800868c   0x0800868c   0x00000024   Code   RO         2482    i.HAL_RCC_GetPCLK2Freq  stm32h7xx_hal_rcc.o
    0x080086b0   0x080086b0   0x0000022c   Code   RO         2483    i.HAL_RCC_GetSysClockFreq  stm32h7xx_hal_rcc.o
    0x080088dc   0x080088dc   0x0000075c   Code   RO         2486    i.HAL_RCC_OscConfig  stm32h7xx_hal_rcc.o
    0x08009038   0x08009038   0x00000098   Code   RO         6368    i.HAL_RS485Ex_Init  stm32h7xx_hal_uart_ex.o
    0x080090d0   0x080090d0   0x000001b0   Code   RO         5621    i.HAL_SPI_Init      stm32h7xx_hal_spi.o
    0x08009280   0x08009280   0x000000d4   Code   RO          531    i.HAL_SPI_MspInit   spi.o
    0x08009354   0x08009354   0x00000454   Code   RO         5631    i.HAL_SPI_TransmitReceive  stm32h7xx_hal_spi.o
    0x080097a8   0x080097a8   0x00000014   Code   RO         4083    i.HAL_SYSCFG_AnalogSwitchConfig  stm32h7xx_hal.o
    0x080097bc   0x080097bc   0x00000002   Code   RO         1634    i.HAL_TIMEx_Break2Callback  stm32h7xx_hal_tim_ex.o
    0x080097be   0x080097be   0x00000002   Code   RO         1635    i.HAL_TIMEx_BreakCallback  stm32h7xx_hal_tim_ex.o
    0x080097c0   0x080097c0   0x00000002   Code   RO         1636    i.HAL_TIMEx_CommutCallback  stm32h7xx_hal_tim_ex.o
    0x080097c2   0x080097c2   0x00000002   PAD
    0x080097c4   0x080097c4   0x000000e4   Code   RO         1657    i.HAL_TIMEx_MasterConfigSynchronization  stm32h7xx_hal_tim_ex.o
    0x080098a8   0x080098a8   0x0000006e   Code   RO          909    i.HAL_TIM_Base_Init  stm32h7xx_hal_tim.o
    0x08009916   0x08009916   0x00000002   PAD
    0x08009918   0x08009918   0x000000a4   Code   RO          573    i.HAL_TIM_Base_MspInit  tim.o
    0x080099bc   0x080099bc   0x000000cc   Code   RO          914    i.HAL_TIM_Base_Start_IT  stm32h7xx_hal_tim.o
    0x08009a88   0x08009a88   0x00000134   Code   RO          918    i.HAL_TIM_ConfigClockSource  stm32h7xx_hal_tim.o
    0x08009bbc   0x08009bbc   0x00000002   Code   RO          939    i.HAL_TIM_ErrorCallback  stm32h7xx_hal_tim.o
    0x08009bbe   0x08009bbe   0x00000002   Code   RO          943    i.HAL_TIM_IC_CaptureCallback  stm32h7xx_hal_tim.o
    0x08009bc0   0x08009bc0   0x00000198   Code   RO          957    i.HAL_TIM_IRQHandler  stm32h7xx_hal_tim.o
    0x08009d58   0x08009d58   0x000000a8   Code   RO          574    i.HAL_TIM_MspPostInit  tim.o
    0x08009e00   0x08009e00   0x00000002   Code   RO          960    i.HAL_TIM_OC_DelayElapsedCallback  stm32h7xx_hal_tim.o
    0x08009e02   0x08009e02   0x00000170   Code   RO          981    i.HAL_TIM_PWM_ConfigChannel  stm32h7xx_hal_tim.o
    0x08009f72   0x08009f72   0x0000006e   Code   RO          984    i.HAL_TIM_PWM_Init  stm32h7xx_hal_tim.o
    0x08009fe0   0x08009fe0   0x00000002   Code   RO          986    i.HAL_TIM_PWM_MspInit  stm32h7xx_hal_tim.o
    0x08009fe2   0x08009fe2   0x00000002   Code   RO          987    i.HAL_TIM_PWM_PulseFinishedCallback  stm32h7xx_hal_tim.o
    0x08009fe4   0x08009fe4   0x00000002   Code   RO          988    i.HAL_TIM_PWM_PulseFinishedHalfCpltCallback  stm32h7xx_hal_tim.o
    0x08009fe6   0x08009fe6   0x00000002   PAD
    0x08009fe8   0x08009fe8   0x0000017c   Code   RO          989    i.HAL_TIM_PWM_Start  stm32h7xx_hal_tim.o
    0x0800a164   0x0800a164   0x000002d0   Code   RO          990    i.HAL_TIM_PWM_Start_DMA  stm32h7xx_hal_tim.o
    0x0800a434   0x0800a434   0x00000012   Code   RO           14    i.HAL_TIM_PeriodElapsedCallback  main.o
    0x0800a446   0x0800a446   0x00000002   Code   RO         1000    i.HAL_TIM_TriggerCallback  stm32h7xx_hal_tim.o
    0x0800a448   0x0800a448   0x0000004e   Code   RO         6369    i.HAL_UARTEx_DisableFifoMode  stm32h7xx_hal_uart_ex.o
    0x0800a496   0x0800a496   0x00000062   Code   RO         6375    i.HAL_UARTEx_ReceiveToIdle_DMA  stm32h7xx_hal_uart_ex.o
    0x0800a4f8   0x0800a4f8   0x00000158   Code   RO        10940    i.HAL_UARTEx_RxEventCallback  board2board.o
    0x0800a650   0x0800a650   0x00000002   Code   RO         6377    i.HAL_UARTEx_RxFifoFullCallback  stm32h7xx_hal_uart_ex.o
    0x0800a652   0x0800a652   0x0000005e   Code   RO         6378    i.HAL_UARTEx_SetRxFifoThreshold  stm32h7xx_hal_uart_ex.o
    0x0800a6b0   0x0800a6b0   0x0000005e   Code   RO         6379    i.HAL_UARTEx_SetTxFifoThreshold  stm32h7xx_hal_uart_ex.o
    0x0800a70e   0x0800a70e   0x00000002   Code   RO         6381    i.HAL_UARTEx_TxFifoEmptyCallback  stm32h7xx_hal_uart_ex.o
    0x0800a710   0x0800a710   0x00000002   Code   RO         6382    i.HAL_UARTEx_WakeupCallback  stm32h7xx_hal_uart_ex.o
    0x0800a712   0x0800a712   0x00000002   PAD
    0x0800a714   0x0800a714   0x00000148   Code   RO         8647    i.HAL_UART_ErrorCallback  remoter.o
    0x0800a85c   0x0800a85c   0x000004b6   Code   RO         5972    i.HAL_UART_IRQHandler  stm32h7xx_hal_uart.o
    0x0800ad12   0x0800ad12   0x00000078   Code   RO         5973    i.HAL_UART_Init     stm32h7xx_hal_uart.o
    0x0800ad8a   0x0800ad8a   0x00000002   PAD
    0x0800ad8c   0x0800ad8c   0x00000398   Code   RO          627    i.HAL_UART_MspInit  usart.o
    0x0800b124   0x0800b124   0x00000002   Code   RO         5980    i.HAL_UART_RxCpltCallback  stm32h7xx_hal_uart.o
    0x0800b126   0x0800b126   0x00000002   Code   RO         5981    i.HAL_UART_RxHalfCpltCallback  stm32h7xx_hal_uart.o
    0x0800b128   0x0800b128   0x000000a0   Code   RO         5983    i.HAL_UART_Transmit_DMA  stm32h7xx_hal_uart.o
    0x0800b1c8   0x0800b1c8   0x00000002   Code   RO         5985    i.HAL_UART_TxCpltCallback  stm32h7xx_hal_uart.o
    0x0800b1ca   0x0800b1ca   0x00000002   Code   RO         5986    i.HAL_UART_TxHalfCpltCallback  stm32h7xx_hal_uart.o
    0x0800b1cc   0x0800b1cc   0x00000130   Code   RO         9418    i.H_K_R_Adjustment  kalman_filter.o
    0x0800b2fc   0x0800b2fc   0x00000130   Code   RO         8041    i.H_K_R_Adjustment1  kalman_filter1.o
    0x0800b42c   0x0800b42c   0x00000004   Code   RO          695    i.HardFault_Handler  stm32h7xx_it.o
    0x0800b430   0x0800b430   0x00000208   Code   RO         9628    i.IMU_QuaternionEKF_F_Linearization_P_Fading  quaternionekf.o
    0x0800b638   0x0800b638   0x00000164   Code   RO         9629    i.IMU_QuaternionEKF_Init  quaternionekf.o
    0x0800b79c   0x0800b79c   0x00000034   Code   RO         9630    i.IMU_QuaternionEKF_Observe  quaternionekf.o
    0x0800b7d0   0x0800b7d0   0x000000f8   Code   RO         9632    i.IMU_QuaternionEKF_SetH  quaternionekf.o
    0x0800b8c8   0x0800b8c8   0x0000068c   Code   RO         9633    i.IMU_QuaternionEKF_Update  quaternionekf.o
    0x0800bf54   0x0800bf54   0x000004dc   Code   RO         9634    i.IMU_QuaternionEKF_xhatUpdate  quaternionekf.o
    0x0800c430   0x0800c430   0x00000030   Code   RO         9355    i.IMU_tasks         imu_temp_ctrl.o
    0x0800c460   0x0800c460   0x0000010c   Code   RO         8269    i.INS_Coculate      motor.o
    0x0800c56c   0x0800c56c   0x00000064   Code   RO         9356    i.INS_Init          imu_temp_ctrl.o
    0x0800c5d0   0x0800c5d0   0x00000124   Code   RO         9357    i.INS_Task          imu_temp_ctrl.o
    0x0800c6f4   0x0800c6f4   0x0000000c   Code   RO        10179    i.JUDGE_GetChassisPowerLimit  judge.o
    0x0800c700   0x0800c700   0x0000000c   Code   RO        10181    i.JUDGE_GetCoolingValue  judge.o
    0x0800c70c   0x0800c70c   0x0000000c   Code   RO        10186    i.JUDGE_GetPowerBuffer  judge.o
    0x0800c718   0x0800c718   0x00000018   Code   RO        10187    i.JUDGE_GetRemainHeat  judge.o
    0x0800c730   0x0800c730   0x0000000c   Code   RO        10194    i.JUDGE_IsValid     judge.o
    0x0800c73c   0x0800c73c   0x0000070c   Code   RO         8042    i.Kalman_Filter1_Init  kalman_filter1.o
    0x0800ce48   0x0800ce48   0x00000050   Code   RO         8043    i.Kalman_Filter1_Measure  kalman_filter1.o
    0x0800ce98   0x0800ce98   0x00000068   Code   RO         8044    i.Kalman_Filter1_P_Update  kalman_filter1.o
    0x0800cf00   0x0800cf00   0x00000068   Code   RO         8045    i.Kalman_Filter1_PminusUpdate  kalman_filter1.o
    0x0800cf68   0x0800cf68   0x000000d2   Code   RO         8046    i.Kalman_Filter1_SetK  kalman_filter1.o
    0x0800d03a   0x0800d03a   0x00000002   PAD
    0x0800d03c   0x0800d03c   0x0000012c   Code   RO         8047    i.Kalman_Filter1_Update  kalman_filter1.o
    0x0800d168   0x0800d168   0x0000007c   Code   RO         8048    i.Kalman_Filter1_xhatMinusUpdate  kalman_filter1.o
    0x0800d1e4   0x0800d1e4   0x00000086   Code   RO         8049    i.Kalman_Filter1_xhatUpdate  kalman_filter1.o
    0x0800d26a   0x0800d26a   0x00000002   PAD
    0x0800d26c   0x0800d26c   0x000007a0   Code   RO         9419    i.Kalman_Filter_Init  kalman_filter.o
    0x0800da0c   0x0800da0c   0x00000050   Code   RO         9420    i.Kalman_Filter_Measure  kalman_filter.o
    0x0800da5c   0x0800da5c   0x00000068   Code   RO         9421    i.Kalman_Filter_P_Update  kalman_filter.o
    0x0800dac4   0x0800dac4   0x00000068   Code   RO         9422    i.Kalman_Filter_PminusUpdate  kalman_filter.o
    0x0800db2c   0x0800db2c   0x000000d2   Code   RO         9424    i.Kalman_Filter_SetK  kalman_filter.o
    0x0800dbfe   0x0800dbfe   0x00000002   PAD
    0x0800dc00   0x0800dc00   0x00000128   Code   RO         9425    i.Kalman_Filter_Update  kalman_filter.o
    0x0800dd28   0x0800dd28   0x0000007c   Code   RO         9426    i.Kalman_Filter_xhatMinusUpdate  kalman_filter.o
    0x0800dda4   0x0800dda4   0x00000086   Code   RO         9427    i.Kalman_Filter_xhatUpdate  kalman_filter.o
    0x0800de2a   0x0800de2a   0x00000002   PAD
    0x0800de2c   0x0800de2c   0x000000ac   Code   RO         8207    i.LED_task          led.o
    0x0800ded8   0x0800ded8   0x00000010   Code   RO         1967    i.LL_ADC_Enable     stm32h7xx_hal_adc.o
    0x0800dee8   0x0800dee8   0x0000000a   Code   RO         1969    i.LL_ADC_GetMultimode  stm32h7xx_hal_adc.o
    0x0800def2   0x0800def2   0x00000012   Code   RO         1970    i.LL_ADC_GetOffsetChannel  stm32h7xx_hal_adc.o
    0x0800df04   0x0800df04   0x0000000a   Code   RO         1971    i.LL_ADC_INJ_IsConversionOngoing  stm32h7xx_hal_adc.o
    0x0800df0e   0x0800df0e   0x0000000a   Code   RO         1972    i.LL_ADC_IsDisableOngoing  stm32h7xx_hal_adc.o
    0x0800df18   0x0800df18   0x0000000a   Code   RO         1973    i.LL_ADC_IsEnabled  stm32h7xx_hal_adc.o
    0x0800df22   0x0800df22   0x0000000a   Code   RO         2242    i.LL_ADC_IsEnabled  stm32h7xx_hal_adc_ex.o
    0x0800df2c   0x0800df2c   0x0000000a   Code   RO         1974    i.LL_ADC_IsInternalRegulatorEnabled  stm32h7xx_hal_adc.o
    0x0800df36   0x0800df36   0x0000000a   Code   RO         1975    i.LL_ADC_REG_IsConversionOngoing  stm32h7xx_hal_adc.o
    0x0800df40   0x0800df40   0x0000000a   Code   RO         2243    i.LL_ADC_REG_IsConversionOngoing  stm32h7xx_hal_adc_ex.o
    0x0800df4a   0x0800df4a   0x00000002   PAD
    0x0800df4c   0x0800df4c   0x00000010   Code   RO         1977    i.LL_ADC_REG_StartConversion  stm32h7xx_hal_adc.o
    0x0800df5c   0x0800df5c   0x0000000c   Code   RO         1979    i.LL_ADC_SetCommonPathInternalCh  stm32h7xx_hal_adc.o
    0x0800df68   0x0800df68   0x00000030   Code   RO         1980    i.LL_ADC_SetOffsetState  stm32h7xx_hal_adc.o
    0x0800df98   0x0800df98   0x000000bc   Code   RO         8271    i.LQR_Get_K         motor.o
    0x0800e054   0x0800e054   0x0000020c   Code   RO         8272    i.Leg_L0_Control    motor.o
    0x0800e260   0x0800e260   0x000000a4   Code   RO          393    i.MX_ADC1_Init      adc.o
    0x0800e304   0x0800e304   0x000000b0   Code   RO          433    i.MX_DMA_Init       dma.o
    0x0800e3b4   0x0800e3b4   0x00000084   Code   RO          459    i.MX_FDCAN1_Init    fdcan.o
    0x0800e438   0x0800e438   0x00000088   Code   RO          460    i.MX_FDCAN2_Init    fdcan.o
    0x0800e4c0   0x0800e4c0   0x00000084   Code   RO          461    i.MX_FDCAN3_Init    fdcan.o
    0x0800e544   0x0800e544   0x00000108   Code   RO          297    i.MX_FREERTOS_Init  freertos.o
    0x0800e64c   0x0800e64c   0x0000010c   Code   RO          269    i.MX_GPIO_Init      gpio.o
    0x0800e758   0x0800e758   0x00000064   Code   RO          532    i.MX_SPI2_Init      spi.o
    0x0800e7bc   0x0800e7bc   0x000000a4   Code   RO          575    i.MX_TIM12_Init     tim.o
    0x0800e860   0x0800e860   0x000000a4   Code   RO          576    i.MX_TIM3_Init      tim.o
    0x0800e904   0x0800e904   0x00000074   Code   RO          628    i.MX_UART5_Init     usart.o
    0x0800e978   0x0800e978   0x0000006c   Code   RO          629    i.MX_USART1_UART_Init  usart.o
    0x0800e9e4   0x0800e9e4   0x0000007c   Code   RO          630    i.MX_USART2_UART_Init  usart.o
    0x0800ea60   0x0800ea60   0x00000094   Code   RO         9509    i.Mahony_Init       mahonyahrs.o
    0x0800eaf4   0x0800eaf4   0x00000004   Code   RO          696    i.MemManage_Handler  stm32h7xx_it.o
    0x0800eaf8   0x0800eaf8   0x000000a0   Code   RO         8273    i.Motor_task        motor.o
    0x0800eb98   0x0800eb98   0x00000004   Code   RO          697    i.NMI_Handler       stm32h7xx_it.o
    0x0800eb9c   0x0800eb9c   0x0000042c   Code   RO         8274    i.NotStanding_NotStairRetract  motor.o
    0x0800efc8   0x0800efc8   0x00000184   Code   RO        10941    i.OS_Board2BoardCallback  board2board.o
    0x0800f14c   0x0800f14c   0x000000a8   Code   RO         8545    i.Observe_Tasks     observe_task.o
    0x0800f1f4   0x0800f1f4   0x0000002c   Code   RO         8599    i.PID_INIT          pid.o
    0x0800f220   0x0800f220   0x00000006   Code   RO         8600    i.PID_Reset_OutLimit  pid.o
    0x0800f226   0x0800f226   0x0000000a   Code   RO         8601    i.PID_Set_Error     pid.o
    0x0800f230   0x0800f230   0x00000194   Code   RO         8602    i.PID_coculate      pid.o
    0x0800f3c4   0x0800f3c4   0x00000060   Code   RO         9589    i.PID_init          pid_1.o
    0x0800f424   0x0800f424   0x00000020   Code   RO         9635    i.QEKF_GetMotionAccel_b  quaternionekf.o
    0x0800f444   0x0800f444   0x00000164   Code   RO         2601    i.RCCEx_PLL2_Config  stm32h7xx_hal_rcc_ex.o
    0x0800f5a8   0x0800f5a8   0x00000164   Code   RO         2602    i.RCCEx_PLL3_Config  stm32h7xx_hal_rcc_ex.o
    0x0800f70c   0x0800f70c   0x00000140   Code   RO         8648    i.Remoter_Init      remoter.o
    0x0800f84c   0x0800f84c   0x00000100   Code   RO         8275    i.Roll_Comp         motor.o
    0x0800f94c   0x0800f94c   0x00000040   Code   RO         7874    i.Run_Buzzer        buzzer.o
    0x0800f98c   0x0800f98c   0x0000008e   Code   RO         8208    i.Run_Remind        led.o
    0x0800fa1a   0x0800fa1a   0x000000d6   Code   RO         5641    i.SPI_CloseTransfer  stm32h7xx_hal_spi.o
    0x0800faf0   0x0800faf0   0x0000001a   Code   RO         5652    i.SPI_GetPacketSize  stm32h7xx_hal_spi.o
    0x0800fb0a   0x0800fb0a   0x00000042   Code   RO         5659    i.SPI_WaitOnFlagUntilTimeout  stm32h7xx_hal_spi.o
    0x0800fb4c   0x0800fb4c   0x00000854   Code   RO         8914    i.Self_Righting_Step  self_righting.o
    0x080103a0   0x080103a0   0x00000028   Code   RO         7875    i.Set_buzzer_frq    buzzer.o
    0x080103c8   0x080103c8   0x00000100   Code   RO         8276    i.Speed_Error_Set   motor.o
    0x080104c8   0x080104c8   0x00000468   Code   RO         8277    i.StairRetract      motor.o
    0x08010930   0x08010930   0x00000a10   Code   RO         8278    i.Standing          motor.o
    0x08011340   0x08011340   0x0000000a   Code   RO          301    i.StartDefaultTask  freertos.o
    0x0801134a   0x0801134a   0x00000002   PAD
    0x0801134c   0x0801134c   0x0000000c   Code   RO         8701    i.State_Init        state.o
    0x08011358   0x08011358   0x0000006c   Code   RO         8702    i.State_machine_task  state.o
    0x080113c4   0x080113c4   0x00000010   Code   RO         7876    i.Stop_Buzzer       buzzer.o
    0x080113d4   0x080113d4   0x00000034   Code   RO         7780    i.SysTick_Handler   port.o
    0x08011408   0x08011408   0x000000b8   Code   RO           15    i.SystemClock_Config  main.o
    0x080114c0   0x080114c0   0x0000010c   Code   RO         6494    i.SystemInit        system_stm32h7xx.o
    0x080115cc   0x080115cc   0x00000010   Code   RO          698    i.TIM2_IRQHandler   stm32h7xx_it.o
    0x080115dc   0x080115dc   0x000000e8   Code   RO         1002    i.TIM_Base_SetConfig  stm32h7xx_hal_tim.o
    0x080116c4   0x080116c4   0x00000022   Code   RO         1003    i.TIM_CCxChannelCmd  stm32h7xx_hal_tim.o
    0x080116e6   0x080116e6   0x00000068   Code   RO         1006    i.TIM_DMADelayPulseCplt  stm32h7xx_hal_tim.o
    0x0801174e   0x0801174e   0x00000040   Code   RO         1007    i.TIM_DMADelayPulseHalfCplt  stm32h7xx_hal_tim.o
    0x0801178e   0x0801178e   0x0000005e   Code   RO         1008    i.TIM_DMAError      stm32h7xx_hal_tim.o
    0x080117ec   0x080117ec   0x00000016   Code   RO         1013    i.TIM_ETR_SetConfig  stm32h7xx_hal_tim.o
    0x08011802   0x08011802   0x00000002   PAD
    0x08011804   0x08011804   0x00000018   Code   RO         1014    i.TIM_ITRx_SetConfig  stm32h7xx_hal_tim.o
    0x0801181c   0x0801181c   0x000000ac   Code   RO         1015    i.TIM_OC1_SetConfig  stm32h7xx_hal_tim.o
    0x080118c8   0x080118c8   0x000000b4   Code   RO         1016    i.TIM_OC2_SetConfig  stm32h7xx_hal_tim.o
    0x0801197c   0x0801197c   0x000000b4   Code   RO         1017    i.TIM_OC3_SetConfig  stm32h7xx_hal_tim.o
    0x08011a30   0x08011a30   0x00000074   Code   RO         1018    i.TIM_OC4_SetConfig  stm32h7xx_hal_tim.o
    0x08011aa4   0x08011aa4   0x00000070   Code   RO         1019    i.TIM_OC5_SetConfig  stm32h7xx_hal_tim.o
    0x08011b14   0x08011b14   0x00000070   Code   RO         1020    i.TIM_OC6_SetConfig  stm32h7xx_hal_tim.o
    0x08011b84   0x08011b84   0x00000026   Code   RO         1022    i.TIM_TI1_ConfigInputStage  stm32h7xx_hal_tim.o
    0x08011baa   0x08011baa   0x00000028   Code   RO         1024    i.TIM_TI2_ConfigInputStage  stm32h7xx_hal_tim.o
    0x08011bd2   0x08011bd2   0x00000002   PAD
    0x08011bd4   0x08011bd4   0x00000028   Code   RO        10942    i.Task_B2B_Callback  board2board.o
    0x08011bfc   0x08011bfc   0x00000010   Code   RO          699    i.UART5_IRQHandler  stm32h7xx_it.o
    0x08011c0c   0x08011c0c   0x00000058   Code   RO         6383    i.UARTEx_SetNbDataToProcess  stm32h7xx_hal_uart_ex.o
    0x08011c64   0x08011c64   0x000000f8   Code   RO         5987    i.UART_AdvFeatureConfig  stm32h7xx_hal_uart.o
    0x08011d5c   0x08011d5c   0x000000ea   Code   RO         5988    i.UART_CheckIdleState  stm32h7xx_hal_uart.o
    0x08011e46   0x08011e46   0x00000014   Code   RO         5989    i.UART_DMAAbortOnError  stm32h7xx_hal_uart.o
    0x08011e5a   0x08011e5a   0x0000005e   Code   RO         5990    i.UART_DMAError     stm32h7xx_hal_uart.o
    0x08011eb8   0x08011eb8   0x000000ae   Code   RO         5991    i.UART_DMAReceiveCplt  stm32h7xx_hal_uart.o
    0x08011f66   0x08011f66   0x00000026   Code   RO         5993    i.UART_DMARxHalfCplt  stm32h7xx_hal_uart.o
    0x08011f8c   0x08011f8c   0x00000054   Code   RO         5995    i.UART_DMATransmitCplt  stm32h7xx_hal_uart.o
    0x08011fe0   0x08011fe0   0x0000000e   Code   RO         5997    i.UART_DMATxHalfCplt  stm32h7xx_hal_uart.o
    0x08011fee   0x08011fee   0x00000002   PAD
    0x08011ff0   0x08011ff0   0x0000006c   Code   RO         5999    i.UART_EndRxTransfer  stm32h7xx_hal_uart.o
    0x0801205c   0x0801205c   0x00000030   Code   RO         6000    i.UART_EndTransmit_IT  stm32h7xx_hal_uart.o
    0x0801208c   0x0801208c   0x00000040   Code   RO         6001    i.UART_EndTxTransfer  stm32h7xx_hal_uart.o
    0x080120cc   0x080120cc   0x00000628   Code   RO         6006    i.UART_SetConfig    stm32h7xx_hal_uart.o
    0x080126f4   0x080126f4   0x000000c8   Code   RO         6007    i.UART_Start_Receive_DMA  stm32h7xx_hal_uart.o
    0x080127bc   0x080127bc   0x000000ac   Code   RO         6013    i.UART_WaitOnFlagUntilTimeout  stm32h7xx_hal_uart.o
    0x08012868   0x08012868   0x00000010   Code   RO          700    i.USART1_IRQHandler  stm32h7xx_it.o
    0x08012878   0x08012878   0x00000108   Code   RO          701    i.USART2_IRQHandler  stm32h7xx_it.o
    0x08012980   0x08012980   0x000002d8   Code   RO         8279    i.Upstair_NotStairRetract  motor.o
    0x08012c58   0x08012c58   0x00000004   Code   RO          702    i.UsageFault_Handler  stm32h7xx_it.o
    0x08012c5c   0x08012c5c   0x00000064   Code   RO         8280    i.VMC_Coculate      motor.o
    0x08012cc0   0x08012cc0   0x000000ec   Code   RO         8788    i.VMC_Get_Ground_F0  vmc.o
    0x08012dac   0x08012dac   0x000004f8   Code   RO         8789    i.VMC_Get_L0_phi0   vmc.o
    0x080132a4   0x080132a4   0x0000001a   Code   RO         8790    i.VMC_Init          vmc.o
    0x080132be   0x080132be   0x000001a6   Code   RO         8791    i.VMC_Set_F0_T      vmc.o
    0x08013464   0x08013464   0x0000000a   Code   RO         8792    i.VMC_Set_phi1_phi4  vmc.o
    0x0801346e   0x0801346e   0x00000002   PAD
    0x08013470   0x08013470   0x00000024   Code   RO         8209    i.WS2812_1_Init     led.o
    0x08013494   0x08013494   0x00000084   Code   RO         8210    i.WS2812_1_Set      led.o
    0x08013518   0x08013518   0x000000ec   Code   RO         8281    i.Yaw_Error_Coculate  motor.o
    0x08013604   0x08013604   0x00000026   Code   RO        18216    i.__ARM_fpclassifyf  m_wv.l(fpclassifyf.o)
    0x0801362a   0x0801362a   0x00000002   PAD
    0x0801362c   0x0801362c   0x00000010   Code   RO         3909    i.__NVIC_GetPriorityGrouping  stm32h7xx_hal_cortex.o
    0x0801363c   0x0801363c   0x00000028   Code   RO         3910    i.__NVIC_SetPriority  stm32h7xx_hal_cortex.o
    0x08013664   0x08013664   0x00000138   Code   RO        17931    i.__hardfp_asinf    m_wv.l(asinf.o)
    0x0801379c   0x0801379c   0x00000006   Code   RO        18219    i.__mathlib_flt_infnan  m_wv.l(funder.o)
    0x080137a2   0x080137a2   0x00000002   PAD
    0x080137a4   0x080137a4   0x00000010   Code   RO        18221    i.__mathlib_flt_invalid  m_wv.l(funder.o)
    0x080137b4   0x080137b4   0x00000010   Code   RO        18224    i.__mathlib_flt_underflow  m_wv.l(funder.o)
    0x080137c4   0x080137c4   0x0000000a   Code   RO         7993    i.__set_FAULTMASK   error.o
    0x080137ce   0x080137ce   0x00000002   PAD
    0x080137d0   0x080137d0   0x00000228   Code   RO        12780    i.arm_atan2_f32     fastmathfunctions.o
    0x080139f8   0x080139f8   0x00000088   Code   RO        12783    i.arm_cos_f32       fastmathfunctions.o
    0x08013a80   0x08013a80   0x0000002a   Code   RO        14190    i.arm_mat_add_f32   matrixfunctions.o
    0x08013aaa   0x08013aaa   0x00000008   Code   RO        14201    i.arm_mat_init_f32  matrixfunctions.o
    0x08013ab2   0x08013ab2   0x00000002   PAD
    0x08013ab4   0x08013ab4   0x000002a8   Code   RO        14205    i.arm_mat_inverse_f32  matrixfunctions.o
    0x08013d5c   0x08013d5c   0x00000074   Code   RO        14209    i.arm_mat_mult_f32  matrixfunctions.o
    0x08013dd0   0x08013dd0   0x0000002a   Code   RO        14226    i.arm_mat_sub_f32   matrixfunctions.o
    0x08013dfa   0x08013dfa   0x00000032   Code   RO        14230    i.arm_mat_trans_f32  matrixfunctions.o
    0x08013e2c   0x08013e2c   0x00000084   Code   RO        12790    i.arm_sin_f32       fastmathfunctions.o
    0x08013eb0   0x08013eb0   0x00000002   Code   RO         8282    i.b_phi0_offset_coc  motor.o
    0x08013eb2   0x08013eb2   0x00000002   PAD
    0x08013eb4   0x08013eb4   0x00000128   Code   RO         8982    i.bmi088_accel_init  bmi088driver.o
    0x08013fdc   0x08013fdc   0x000000f4   Code   RO         8983    i.bmi088_gyro_init  bmi088driver.o
    0x080140d0   0x080140d0   0x000000a0   Code   RO        11123    i.easy_angle_normalize  angle_about_1.o
    0x08014170   0x08014170   0x00000032   Code   RO         8283    i.float_to_uint     motor.o
    0x080141a2   0x080141a2   0x00000010   Code   RO         7343    i.inHandlerMode     cmsis_os.o
    0x080141b2   0x080141b2   0x00000024   Code   RO         9637    i.invSqrt           quaternionekf.o
    0x080141d6   0x080141d6   0x00000002   PAD
    0x080141d8   0x080141d8   0x00000014   Code   RO         8848    i.leg_ctrl_get_idx  leg_control.o
    0x080141ec   0x080141ec   0x0000009c   Code   RO         8849    i.leg_ctrl_pid_init  leg_control.o
    0x08014288   0x08014288   0x0000018c   Code   RO         8850    i.leg_length_control  leg_control.o
    0x08014414   0x08014414   0x0000007c   Code   RO         8851    i.leg_length_stuck_detect  leg_control.o
    0x08014490   0x08014490   0x00000184   Code   RO         8852    i.leg_turn_speed_control  leg_control.o
    0x08014614   0x08014614   0x00000074   Code   RO         8853    i.leg_turn_stuck_detect  leg_control.o
    0x08014688   0x08014688   0x0000004c   Code   RO           16    i.main              main.o
    0x080146d4   0x080146d4   0x0000000e   Code   RO         7345    i.makeFreeRtosPriority  cmsis_os.o
    0x080146e2   0x080146e2   0x00000018   Code   RO         7347    i.osDelay           cmsis_os.o
    0x080146fa   0x080146fa   0x0000001c   Code   RO         7348    i.osDelayUntil      cmsis_os.o
    0x08014716   0x08014716   0x0000000a   Code   RO         7350    i.osKernelStart     cmsis_os.o
    0x08014720   0x08014720   0x0000005e   Code   RO         7384    i.osThreadCreate    cmsis_os.o
    0x0801477e   0x0801477e   0x00000002   PAD
    0x08014780   0x08014780   0x00000034   Code   RO         7388    i.osThreadResume    cmsis_os.o
    0x080147b4   0x080147b4   0x00000098   Code   RO         7010    i.prvAddCurrentTaskToDelayedList  tasks.o
    0x0801484c   0x0801484c   0x000000b4   Code   RO         7011    i.prvAddNewTaskToReadyList  tasks.o
    0x08014900   0x08014900   0x00000048   Code   RO         7012    i.prvCheckTasksWaitingTermination  tasks.o
    0x08014948   0x08014948   0x00000050   Code   RO         7013    i.prvDeleteTCB      tasks.o
    0x08014998   0x08014998   0x0000007c   Code   RO         7712    i.prvHeapInit       heap_4.o
    0x08014a14   0x08014a14   0x00000028   Code   RO         7014    i.prvIdleTask       tasks.o
    0x08014a3c   0x08014a3c   0x000000b4   Code   RO         7015    i.prvInitialiseNewTask  tasks.o
    0x08014af0   0x08014af0   0x00000068   Code   RO         7016    i.prvInitialiseTaskLists  tasks.o
    0x08014b58   0x08014b58   0x00000068   Code   RO         7713    i.prvInsertBlockIntoFreeList  heap_4.o
    0x08014bc0   0x08014bc0   0x00000034   Code   RO         7017    i.prvResetNextTaskUnblockTime  tasks.o
    0x08014bf4   0x08014bf4   0x00000040   Code   RO         7781    i.prvTaskExitError  port.o
    0x08014c34   0x08014c34   0x00000058   Code   RO         7018    i.prvTaskIsTaskSuspended  tasks.o
    0x08014c8c   0x08014c8c   0x0000014c   Code   RO         7714    i.pvPortMalloc      heap_4.o
    0x08014dd8   0x08014dd8   0x0000002c   Code   RO         7782    i.pxPortInitialiseStack  port.o
    0x08014e04   0x08014e04   0x0000003e   Code   RO        18075    i.sqrtf             m_wv.l(sqrtf.o)
    0x08014e42   0x08014e42   0x00000002   PAD
    0x08014e44   0x08014e44   0x00000064   Code   RO         8916    i.sr_apply_cmd      self_righting.o
    0x08014ea8   0x08014ea8   0x00000064   Code   RO         8286    i.task_Motor_Enable  motor.o
    0x08014f0c   0x08014f0c   0x000000a0   Code   RO         8287    i.task_Motor_Init   motor.o
    0x08014fac   0x08014fac   0x000002fc   Code   RO         8288    i.task_PID_Init     motor.o
    0x080152a8   0x080152a8   0x00000038   Code   RO         8289    i.task_Pitch_Coculate  motor.o
    0x080152e0   0x080152e0   0x0000004c   Code   RO         8290    i.task_VMC_Init     motor.o
    0x0801532c   0x0801532c   0x00000034   Code   RO         8291    i.uint_to_float     motor.o
    0x08015360   0x08015360   0x000000a0   Code   RO         8917    i.update_differ_phi0_0_to_4PI  self_righting.o
    0x08015400   0x08015400   0x00000068   Code   RO         8918    i.update_phi0_0_to_4PI  self_righting.o
    0x08015468   0x08015468   0x00000012   Code   RO         8050    i.user__malloc      kalman_filter1.o
    0x0801547a   0x0801547a   0x00000012   Code   RO         9428    i.user_malloc       kalman_filter.o
    0x0801548c   0x0801548c   0x00000028   Code   RO         6636    i.uxListRemove      list.o
    0x080154b4   0x080154b4   0x00000018   Code   RO          303    i.vApplicationGetIdleTaskMemory  freertos.o
    0x080154cc   0x080154cc   0x0000001a   Code   RO         6637    i.vListInitialise   list.o
    0x080154e6   0x080154e6   0x00000006   Code   RO         6638    i.vListInitialiseItem  list.o
    0x080154ec   0x080154ec   0x00000034   Code   RO         6639    i.vListInsert       list.o
    0x08015520   0x08015520   0x00000018   Code   RO         6640    i.vListInsertEnd    list.o
    0x08015538   0x08015538   0x00000054   Code   RO         7784    i.vPortEnterCritical  port.o
    0x0801558c   0x0801558c   0x0000003c   Code   RO         7785    i.vPortExitCritical  port.o
    0x080155c8   0x080155c8   0x000000a4   Code   RO         7715    i.vPortFree         heap_4.o
    0x0801566c   0x0801566c   0x00000028   Code   RO         7786    i.vPortSetupTimerInterrupt  port.o
    0x08015694   0x08015694   0x00000078   Code   RO         7787    i.vPortValidateInterruptPriority  port.o
    0x0801570c   0x0801570c   0x0000005c   Code   RO         7026    i.vTaskDelay        tasks.o
    0x08015768   0x08015768   0x000000d4   Code   RO         7027    i.vTaskDelayUntil   tasks.o
    0x0801583c   0x0801583c   0x00000090   Code   RO         7038    i.vTaskResume       tasks.o
    0x080158cc   0x080158cc   0x000000b0   Code   RO         7040    i.vTaskStartScheduler  tasks.o
    0x0801597c   0x0801597c   0x000000f4   Code   RO         7041    i.vTaskSuspend      tasks.o
    0x08015a70   0x08015a70   0x00000010   Code   RO         7042    i.vTaskSuspendAll   tasks.o
    0x08015a80   0x08015a80   0x0000008c   Code   RO         7043    i.vTaskSwitchContext  tasks.o
    0x08015b0c   0x08015b0c   0x00000168   Code   RO         7788    i.xPortStartScheduler  port.o
    0x08015c74   0x08015c74   0x00000064   Code   RO         7046    i.xTaskCreate       tasks.o
    0x08015cd8   0x08015cd8   0x000000ba   Code   RO         7047    i.xTaskCreateStatic  tasks.o
    0x08015d92   0x08015d92   0x00000002   PAD
    0x08015d94   0x08015d94   0x0000000c   Code   RO         7052    i.xTaskGetTickCount  tasks.o
    0x08015da0   0x08015da0   0x00000148   Code   RO         7054    i.xTaskIncrementTick  tasks.o
    0x08015ee8   0x08015ee8   0x00000104   Code   RO         7060    i.xTaskResumeAll    tasks.o
    0x08015fec   0x08015fec   0x000000b4   Code   RO         7061    i.xTaskResumeFromISR  tasks.o
    0x080160a0   0x080160a0   0x00000074   Code   RO         8547    i.xvEstimateKF_Init  observe_task.o
    0x08016114   0x08016114   0x0000007c   Code   RO         8548    i.xvEstimateKF_Update  observe_task.o
    0x08016190   0x08016190   0x0000000a   Code   RO        18303    x$fpl$fpinit        fz_wv.l(fpinit.o)
    0x0801619a   0x0801619a   0x00000000   Code   RO        18196    x$fpl$usenofp       fz_wv.l(usenofp.o)
    0x0801619a   0x0801619a   0x00000002   PAD
    0x0801619c   0x0801619c   0x000000fc   Data   RO          305    .constdata          freertos.o
    0x08016298   0x08016298   0x00000008   Data   RO         3210    .constdata          stm32h7xx_hal_dma.o
    0x080162a0   0x080162a0   0x0000005c   Data   RO         5092    .constdata          stm32h7xx_hal_fdcan.o
    0x080162fc   0x080162fc   0x00000018   Data   RO         6014    .constdata          stm32h7xx_hal_uart.o
    0x08016314   0x08016314   0x00000010   Data   RO         6385    .constdata          stm32h7xx_hal_uart_ex.o
    0x08016324   0x08016324   0x00000010   Data   RO         6495    .constdata          system_stm32h7xx.o
    0x08016334   0x08016334   0x00000010   Data   RO         8550    .constdata          observe_task.o
    0x08016344   0x08016344   0x0000012c   Data   RO         9639    .constdata          quaternionekf.o
    0x08016470   0x08016470   0x00000804   Data   RO        11962    .constdata          commontables.o
    0x08016c74   0x08016c74   0x00000070   Data   RO        12801    .constdata          fastmathfunctions.o
    0x08016ce4   0x08016ce4   0x0000004e   Data   RO          306    .conststring        freertos.o
    0x08016d32   0x08016d32   0x00000002   PAD
    0x08016d34   0x08016d34   0x00000020   Data   RO        18394    Region$$Table       anon$$obj.o


    Execution Region RW_IRAM2 (Exec base: 0x24000000, Load base: 0x08016d54, Size: 0x0000d800, Max: 0x00050000, ABSOLUTE, COMPRESSED[0x000004a8])

    Exec Addr    Load Addr    Size         Type   Attr      Idx    E Section Name        Object

    0x24000000   COMPRESSED   0x00000024   Data   RW          307    .data               freertos.o
    0x24000024   COMPRESSED   0x00000004   Data   RW          463    .data               fdcan.o
    0x24000028   COMPRESSED   0x00000009   Data   RW         4100    .data               stm32h7xx_hal.o
    0x24000031   COMPRESSED   0x00000003   PAD
    0x24000034   COMPRESSED   0x00000008   Data   RW         6496    .data               system_stm32h7xx.o
    0x2400003c   COMPRESSED   0x0000003c   Data   RW         7063    .data               tasks.o
    0x24000078   COMPRESSED   0x00000020   Data   RW         7721    .data               heap_4.o
    0x24000098   COMPRESSED   0x0000000c   Data   RW         7789    .data               port.o
    0x240000a4   COMPRESSED   0x00000004   Data   RW         8051    .data               kalman_filter1.o
    0x240000a8   COMPRESSED   0x00000584   Data   RW         8293    .data               motor.o
    0x2400062c   COMPRESSED   0x00000054   Data   RW         8551    .data               observe_task.o
    0x24000680   COMPRESSED   0x0000000c   Data   RW         8651    .data               remoter.o
    0x2400068c   COMPRESSED   0x0000000c   Data   RW         8703    .data               state.o
    0x24000698   COMPRESSED   0x00000010   Data   RW         8747    .data               user_can.o
    0x240006a8   COMPRESSED   0x00000008   Data   RW         8794    .data               vmc.o
    0x240006b0   COMPRESSED   0x00000028   Data   RW         8855    .data               leg_control.o
    0x240006d8   COMPRESSED   0x00000114   Data   RW         8920    .data               self_righting.o
    0x240007ec   COMPRESSED   0x0000002c   Data   RW         8984    .data               bmi088driver.o
    0x24000818   COMPRESSED   0x00000034   Data   RW         9359    .data               imu_temp_ctrl.o
    0x2400084c   COMPRESSED   0x00000004   Data   RW         9429    .data               kalman_filter.o
    0x24000850   COMPRESSED   0x00000031   Data   RW         9517    .data               mahonyahrs.o
    0x24000881   COMPRESSED   0x00000003   PAD
    0x24000884   COMPRESSED   0x00000090   Data   RW         9640    .data               quaternionekf.o
    0x24000914   COMPRESSED   0x00000032   Data   RW        10205    .data               judge.o
    0x24000946   COMPRESSED   0x00000002   PAD
    0x24000948   COMPRESSED   0x00000044   Data   RW        10944    .data               board2board.o
    0x2400098c        -       0x000062fc   Zero   RW          304    .bss                freertos.o
    0x24006c88        -       0x00000070   Zero   RW          394    .bss                adc.o
    0x24006cf8        -       0x000001e0   Zero   RW          462    .bss                fdcan.o
    0x24006ed8        -       0x00000088   Zero   RW          533    .bss                spi.o
    0x24006f60        -       0x00000110   Zero   RW          577    .bss                tim.o
    0x24007070        -       0x0000048c   Zero   RW          631    .bss                usart.o
    0x240074fc        -       0x0000004c   Zero   RW          871    .bss                stm32h7xx_hal_timebase_tim.o
    0x24007548        -       0x000000f0   Zero   RW         7062    .bss                tasks.o
    0x24007638        -       0x00003c00   Zero   RW         7720    .bss                heap_4.o
    0x2400b238        -       0x00000064   Zero   RW         7994    .bss                error.o
    0x2400b29c        -       0x0000009e   Zero   RW         8211    .bss                led.o
    0x2400b33a   COMPRESSED   0x00000002   PAD
    0x2400b33c        -       0x00000470   Zero   RW         8292    .bss                motor.o
    0x2400b7ac        -       0x00000150   Zero   RW         8549    .bss                observe_task.o
    0x2400b8fc        -       0x00000026   Zero   RW         8650    .bss                remoter.o
    0x2400b922   COMPRESSED   0x00000002   PAD
    0x2400b924        -       0x00000028   Zero   RW         8746    .bss                user_can.o
    0x2400b94c        -       0x00000130   Zero   RW         8793    .bss                vmc.o
    0x2400ba7c        -       0x000000b0   Zero   RW         8854    .bss                leg_control.o
    0x2400bb2c        -       0x00000084   Zero   RW         8919    .bss                self_righting.o
    0x2400bbb0        -       0x00000078   Zero   RW         9358    .bss                imu_temp_ctrl.o
    0x2400bc28        -       0x00000288   Zero   RW         9638    .bss                quaternionekf.o
    0x2400beb0        -       0x000000c8   Zero   RW         9926    .bss                detect.o
    0x2400bf78        -       0x00000ce6   Zero   RW        10204    .bss                judge.o
    0x2400cc5e        -       0x00000140   Zero   RW        10943    .bss                board2board.o
    0x2400cd9e   COMPRESSED   0x00000002   PAD
    0x2400cda0        -       0x00000060   Zero   RW        18256    .bss                c_w.l(libspace.o)
    0x2400ce00        -       0x00000200   Zero   RW            2    HEAP                startup_stm32h723xx.o
    0x2400d000        -       0x00000800   Zero   RW            1    STACK               startup_stm32h723xx.o


==============================================================================

Image component sizes


      Code (inc. data)   RO Data    RW Data    ZI Data      Debug   Object Name

       344         26          0          0        112       2117   adc.o
       160         16          0          0          0        811   angle_about_1.o
      1030         20          0         44          0       6910   bmi088driver.o
       216         28          0          0          0       5384   bmi088middleware.o
      2056        244          0         68        320       6429   board2board.o
       244         36          0          0          0       4816   buzzer.o
       238          6          0          0          0      31159   cmsis_os.o
         0          0       2052          0          0      13593   commontables.o
        28          6          0          0        200       2100   detect.o
       176          6          0          0          0        962   dma.o
       674         40          0          0        100       8334   error.o
         0          0          0          0          0      17196   event_groups.o
       820         52        112          0          0      11779   fastmathfunctions.o
       972         58          0          4        480       3785   fdcan.o
       298         52        330         36      25340       3672   freertos.o
       268         14          0          0          0       1171   gpio.o
         0          0          0          0          0       1808   graphics.o
       724         74          0         32      15360       7851   heap_4.o
       440         86          0         52        120       6151   imu_temp_ctrl.o
        72         34          0         50       3302      10889   judge.o
      3326         26          0          4          0      10277   kalman_filter.o
      3182         28          0          4          0      16945   kalman_filter1.o
       482         26          0          0        158       3343   led.o
      1200         74          0         40        176       6451   leg_control.o
       148          0          0          0          0       3942   list.o
       148         46          0         49          0       1307   mahonyahrs.o
       284          6          0          0          0    1310264   main.o
       938         12          0          0          0      10708   matrixfunctions.o
      9992       1388          0       1412       1136      33383   motor.o
       408         80         16         84        336       3641   observe_task.o
       464         10          0          0          0       3223   pid.o
        96          4          0          0          0       1207   pid_1.o
      1014         92          0         12          0      12745   port.o
      4546        188        300        144        648      12013   quaternionekf.o
       648         68          0         12         38       3302   remoter.o
      2496        436          0        276        132       7840   self_righting.o
       312         26          0          0        136       2033   spi.o
        72         30        716          0       2560        908   startup_stm32h723xx.o
       120         30          0         12          0       1941   state.o
       192         40          0          9          0      24030   stm32h7xx_hal.o
      4512        300          0          0          0      84786   stm32h7xx_hal_adc.o
       376         20          0          0          0      67723   stm32h7xx_hal_adc_ex.o
       326         30          0          0          0      40345   stm32h7xx_hal_cortex.o
      8650        164          8          0          0      13958   stm32h7xx_hal_dma.o
      3692         54         92          0          0      25704   stm32h7xx_hal_fdcan.o
       508         50          0          0          0       2292   stm32h7xx_hal_gpio.o
        48          6          0          0          0        934   stm32h7xx_hal_msp.o
        96          6          0          0          0        833   stm32h7xx_hal_pwr_ex.o
      3496        120          0          0          0       7957   stm32h7xx_hal_rcc.o
      7664        184          0          0          0      11087   stm32h7xx_hal_rcc_ex.o
      1846         26          0          0          0       5841   stm32h7xx_hal_spi.o
      4146        362          0          0          0      24543   stm32h7xx_hal_tim.o
       234         38          0          0          0       3472   stm32h7xx_hal_tim_ex.o
       160         18          0          0         76       1711   stm32h7xx_hal_timebase_tim.o
      4568        178         24          0          0      38469   stm32h7xx_hal_uart.o
       610         14         16          0          0       7880   stm32h7xx_hal_uart_ex.o
       542        116          0          0          0      12796   stm32h7xx_it.o
         0          0          0          0          0        440   stream_buffer.o
       304         38         16          8          0       2029   system_stm32h7xx.o
      3038        368          0         60        240      27441   tasks.o
       660         60          0          0        272       3701   tim.o
      1268         98          0          0       1164       4202   usart.o
       864        114          0         16         40       4007   user_can.o
      1966         58          0          8        304       6940   vmc.o

    ----------------------------------------------------------------------
     88472       5830       3716       2444      52756    2015511   Object Totals
         0          0         32          0          0          0   (incl. Generated)
        70          0          2          8          6          0   (incl. Padding)

    ----------------------------------------------------------------------

      Code (inc. data)   RO Data    RW Data    ZI Data      Debug   Library Member Name

       100          0          0          0          0          0   __dclz77c.o
         8          0          0          0          0         68   __main.o
         0          0          0          0          0          0   __rtentry.o
        12          0          0          0          0          0   __rtentry2.o
         6          0          0          0          0          0   __rtentry4.o
        52          8          0          0          0          0   __scatter.o
        28          0          0          0          0          0   __scatter_zi.o
        22          0          0          0          0        100   _rserrno.o
        18          0          0          0          0         80   exit.o
         6          0          0          0          0        152   heapauxi.o
         0          0          0          0          0          0   indicate_semi.o
         2          0          0          0          0          0   libinit.o
         6          0          0          0          0          0   libinit2.o
         2          0          0          0          0          0   libshutdown.o
         2          0          0          0          0          0   libshutdown2.o
         8          4          0          0         96         68   libspace.o
       238          0          0          0          0        100   lludivv7m.o
         8          4          0          0          0         68   rt_errno_addr_intlibspace.o
        68          0          0          0          0         68   rt_memclr.o
        78          0          0          0          0         80   rt_memclr_w.o
       100          0          0          0          0         80   rt_memcpy_w.o
         2          0          0          0          0          0   rtexit.o
        10          0          0          0          0          0   rtexit2.o
        12          4          0          0          0         68   sys_exit.o
        74          0          0          0          0         80   sys_stackheap_outer.o
         2          0          0          0          0         68   use_no_semi.o
        10          0          0          0          0        116   fpinit.o
         0          0          0          0          0          0   usenofp.o
       312         54          0          0          0        176   asinf.o
        38          0          0          0          0        116   fpclassifyf.o
        38         12          0          0          0        348   funder.o
        62          0          0          0          0        136   sqrtf.o

    ----------------------------------------------------------------------
      1336         86          0          0         96       1972   Library Totals
        12          0          0          0          0          0   (incl. Padding)

    ----------------------------------------------------------------------

      Code (inc. data)   RO Data    RW Data    ZI Data      Debug   Library Name

       864         20          0          0         96       1080   c_w.l
        10          0          0          0          0        116   fz_wv.l
       450         66          0          0          0        776   m_wv.l

    ----------------------------------------------------------------------
      1336         86          0          0         96       1972   Library Totals

    ----------------------------------------------------------------------

==============================================================================


      Code (inc. data)   RO Data    RW Data    ZI Data      Debug   

     89808       5916       3716       2444      52852    1978315   Grand Totals
     89808       5916       3716       1192      52852    1978315   ELF Image Totals (compressed)
     89808       5916       3716       1192          0          0   ROM Totals

==============================================================================

    Total RO  Size (Code + RO Data)                93524 (  91.33kB)
    Total RW  Size (RW Data + ZI Data)             55296 (  54.00kB)
    Total ROM Size (Code + RO Data + RW Data)      94716 (  92.50kB)

==============================================================================

